Archive member included to satisfy reference by file (symbol)

gcc-libgcc.a(_udivsi3.o)      font_direct.o (__aeabi_uidiv)
gcc-libgcc.a(_dvmd_tls.o)     gcc-libgcc.a(_udivsi3.o) (__aeabi_idiv0)

Discarded input sections

 .group         0x00000000        0x8 reboot.o
 .group         0x00000000        0x8 reboot.o
 .group         0x00000000        0x8 reboot.o
 .group         0x00000000        0x8 reboot.o
 .group         0x00000000        0x8 reboot.o
 .group         0x00000000        0x8 reboot.o
 .group         0x00000000        0x8 reboot.o
 .group         0x00000000        0x8 reboot.o
 .group         0x00000000        0x8 reboot.o
 .group         0x00000000        0x8 reboot.o
 .group         0x00000000        0x8 reboot.o
 .group         0x00000000        0x8 reboot.o
 .group         0x00000000        0x8 reboot.o
 .group         0x00000000        0x8 reboot.o
 .group         0x00000000        0x8 reboot.o
 .group         0x00000000        0x8 reboot.o
 .group         0x00000000        0x8 reboot.o
 .group         0x00000000        0x8 reboot.o
 .group         0x00000000        0x8 reboot.o
 .group         0x00000000        0x8 reboot.o
 .group         0x00000000        0x8 reboot.o
 .group         0x00000000        0x8 reboot.o
 .group         0x00000000        0x8 reboot.o
 .group         0x00000000        0x8 reboot.o
 .group         0x00000000        0x8 reboot.o
 .group         0x00000000        0x8 reboot.o
 .group         0x00000000        0x8 reboot.o
 .group         0x00000000        0x8 reboot.o
 .group         0x00000000        0x8 reboot.o
 .group         0x00000000        0x8 reboot.o
 .group         0x00000000        0x8 reboot.o
 .group         0x00000000        0x8 reboot.o
 .group         0x00000000        0x8 reboot.o
 .group         0x00000000        0x8 reboot.o
 .group         0x00000000        0x8 reboot.o
 .group         0x00000000        0x8 reboot.o
 .group         0x00000000        0x8 reboot.o
 .group         0x00000000        0x8 reboot.o
 .group         0x00000000        0x8 disp_direct.o
 .group         0x00000000        0x8 disp_direct.o
 .group         0x00000000        0x8 disp_direct.o
 .group         0x00000000        0x8 disp_direct.o
 .group         0x00000000        0x8 disp_direct.o
 .group         0x00000000        0x8 disp_direct.o
 .group         0x00000000        0x8 disp_direct.o
 .group         0x00000000        0x8 disp_direct.o
 .group         0x00000000        0x8 disp_direct.o
 .group         0x00000000        0x8 disp_direct.o
 .group         0x00000000        0x8 disp_direct.o
 .group         0x00000000        0x8 disp_direct.o
 .group         0x00000000        0x8 disp_direct.o
 .group         0x00000000        0x8 disp_direct.o
 .group         0x00000000        0x8 disp_direct.o
 .group         0x00000000        0x8 disp_direct.o
 .group         0x00000000        0x8 disp_direct.o
 .group         0x00000000        0x8 disp_direct.o
 .group         0x00000000        0x8 disp_direct.o
 .group         0x00000000        0x8 disp_direct.o
 .group         0x00000000        0x8 disp_direct.o
 .group         0x00000000        0x8 disp_direct.o
 .group         0x00000000        0x8 disp_direct.o
 .group         0x00000000        0x8 disp_direct.o
 .group         0x00000000        0x8 disp_direct.o
 .group         0x00000000        0x8 disp_direct.o
 .group         0x00000000        0x8 disp_direct.o
 .group         0x00000000        0x8 disp_direct.o
 .group         0x00000000        0x8 disp_direct.o
 .group         0x00000000        0x8 disp_direct.o
 .group         0x00000000        0x8 disp_direct.o
 .group         0x00000000        0x8 disp_direct.o
 .group         0x00000000        0x8 disp_direct.o
 .group         0x00000000        0x8 disp_direct.o
 .debug_macro   0x00000000      0x892 disp_direct.o
 .debug_macro   0x00000000       0x22 disp_direct.o
 .debug_macro   0x00000000       0x35 disp_direct.o
 .debug_macro   0x00000000       0x9c disp_direct.o
 .debug_macro   0x00000000      0x16d disp_direct.o
 .debug_macro   0x00000000       0x52 disp_direct.o
 .debug_macro   0x00000000       0x1f disp_direct.o
 .debug_macro   0x00000000       0x43 disp_direct.o
 .debug_macro   0x00000000       0x20 disp_direct.o
 .debug_macro   0x00000000      0x187 disp_direct.o
 .debug_macro   0x00000000      0x330 disp_direct.o
 .debug_macro   0x00000000       0x10 disp_direct.o
 .debug_macro   0x00000000       0x35 disp_direct.o
 .debug_macro   0x00000000       0xfd disp_direct.o
 .debug_macro   0x00000000       0x5e disp_direct.o
 .debug_macro   0x00000000      0x1df disp_direct.o
 .debug_macro   0x00000000       0x52 disp_direct.o
 .debug_macro   0x00000000       0x3a disp_direct.o
 .debug_macro   0x00000000       0x10 disp_direct.o
 .debug_macro   0x00000000      0x118 disp_direct.o
 .debug_macro   0x00000000       0x10 disp_direct.o
 .debug_macro   0x00000000       0x1c disp_direct.o
 .debug_macro   0x00000000       0x52 disp_direct.o
 .debug_macro   0x00000000       0x40 disp_direct.o
 .debug_macro   0x00000000       0x10 disp_direct.o
 .debug_macro   0x00000000       0x40 disp_direct.o
 .debug_macro   0x00000000       0xd7 disp_direct.o
 .debug_macro   0x00000000       0x82 disp_direct.o
 .debug_macro   0x00000000      0x343 disp_direct.o
 .group         0x00000000        0x8 font_direct.o
 .group         0x00000000        0x8 font_direct.o
 .group         0x00000000        0x8 font_direct.o
 .group         0x00000000        0x8 font_direct.o
 .group         0x00000000        0x8 font_direct.o
 .group         0x00000000        0x8 font_direct.o
 .group         0x00000000        0x8 font_direct.o
 .group         0x00000000        0x8 font_direct.o
 .group         0x00000000        0x8 font_direct.o
 .group         0x00000000        0x8 font_direct.o
 .group         0x00000000        0x8 font_direct.o
 .group         0x00000000        0x8 font_direct.o
 .group         0x00000000        0x8 font_direct.o
 .group         0x00000000        0x8 font_direct.o
 .group         0x00000000        0x8 font_direct.o
 .group         0x00000000        0x8 font_direct.o
 .group         0x00000000        0x8 font_direct.o
 .group         0x00000000        0x8 font_direct.o
 .group         0x00000000        0x8 font_direct.o
 .group         0x00000000        0x8 font_direct.o
 .group         0x00000000        0x8 font_direct.o
 .group         0x00000000        0x8 font_direct.o
 .group         0x00000000        0x8 font_direct.o
 .group         0x00000000        0x8 font_direct.o
 .group         0x00000000        0x8 font_direct.o
 .group         0x00000000        0x8 font_direct.o
 .group         0x00000000        0x8 font_direct.o
 .group         0x00000000        0x8 font_direct.o
 .group         0x00000000        0x8 font_direct.o
 .group         0x00000000        0x8 font_direct.o
 .group         0x00000000        0x8 font_direct.o
 .group         0x00000000        0x8 font_direct.o
 .group         0x00000000        0x8 font_direct.o
 .group         0x00000000        0x8 font_direct.o
 .group         0x00000000        0x8 font_direct.o
 .group         0x00000000        0x8 font_direct.o
 .group         0x00000000        0x8 font_direct.o
 .group         0x00000000        0x8 font_direct.o
 .group         0x00000000        0x8 font_direct.o
 .group         0x00000000        0x8 font_direct.o
 .group         0x00000000        0x8 font_direct.o
 .debug_macro   0x00000000      0x892 font_direct.o
 .debug_macro   0x00000000       0x22 font_direct.o
 .debug_macro   0x00000000       0x4c font_direct.o
 .debug_macro   0x00000000       0x8d font_direct.o
 .debug_macro   0x00000000       0x35 font_direct.o
 .debug_macro   0x00000000       0x9c font_direct.o
 .debug_macro   0x00000000      0x16d font_direct.o
 .debug_macro   0x00000000       0x4a font_direct.o
 .debug_macro   0x00000000       0x52 font_direct.o
 .debug_macro   0x00000000       0x1f font_direct.o
 .debug_macro   0x00000000       0x43 font_direct.o
 .debug_macro   0x00000000       0x20 font_direct.o
 .debug_macro   0x00000000      0x187 font_direct.o
 .debug_macro   0x00000000      0x330 font_direct.o
 .debug_macro   0x00000000       0x10 font_direct.o
 .debug_macro   0x00000000       0x35 font_direct.o
 .debug_macro   0x00000000       0xfd font_direct.o
 .debug_macro   0x00000000       0x5e font_direct.o
 .debug_macro   0x00000000      0x1df font_direct.o
 .debug_macro   0x00000000       0x10 font_direct.o
 .debug_macro   0x00000000       0x1c font_direct.o
 .debug_macro   0x00000000       0x52 font_direct.o
 .debug_macro   0x00000000       0x40 font_direct.o
 .debug_macro   0x00000000       0x10 font_direct.o
 .debug_macro   0x00000000       0x40 font_direct.o
 .debug_macro   0x00000000       0xd7 font_direct.o
 .debug_macro   0x00000000       0x16 font_direct.o
 .debug_macro   0x00000000       0x52 font_direct.o
 .debug_macro   0x00000000       0x3a font_direct.o
 .debug_macro   0x00000000       0x10 font_direct.o
 .debug_macro   0x00000000       0x2b font_direct.o
 .debug_macro   0x00000000      0x118 font_direct.o
 .debug_macro   0x00000000       0x82 font_direct.o
 .debug_macro   0x00000000      0x343 font_direct.o
 .group         0x00000000        0x8 footer.o
 .debug_macro   0x00000000      0x892 footer.o

Memory Configuration

Name             Origin             Length             Attributes
*default*        0x00000000         0xffffffff

Linker script and memory map

Address of section .text set to 0x800000
LOAD reboot.o
LOAD disp_direct.o
LOAD font_direct.o
LOAD strlen.o
LOAD strcmp.o
LOAD gcc-libgcc.a
LOAD footer.o
                [!provide]                PROVIDE (__executable_start, 0x8000)
                0x00008000                . = 0x8000

.interp
 *(.interp)

.note.gnu.build-id
 *(.note.gnu.build-id)

.hash
 *(.hash)

.gnu.hash
 *(.gnu.hash)

.dynsym
 *(.dynsym)

.dynstr
 *(.dynstr)

.gnu.version
 *(.gnu.version)

.gnu.version_d
 *(.gnu.version_d)

.gnu.version_r
 *(.gnu.version_r)

.rel.init
 *(.rel.init)

.rela.init
 *(.rela.init)

.rel.text
 *(.rel.text .rel.text.* .rel.gnu.linkonce.t.*)

.rela.text
 *(.rela.text .rela.text.* .rela.gnu.linkonce.t.*)

.rel.fini
 *(.rel.fini)

.rela.fini
 *(.rela.fini)

.rel.rodata
 *(.rel.rodata .rel.rodata.* .rel.gnu.linkonce.r.*)

.rela.rodata
 *(.rela.rodata .rela.rodata.* .rela.gnu.linkonce.r.*)

.rel.data.rel.ro
 *(.rel.data.rel.ro .rel.data.rel.ro.* .rel.gnu.linkonce.d.rel.ro.*)

.rela.data.rel.ro
 *(.rela.data.rel.ro .rela.data.rel.ro.* .rela.gnu.linkonce.d.rel.ro.*)

.rel.data
 *(.rel.data .rel.data.* .rel.gnu.linkonce.d.*)

.rela.data
 *(.rela.data .rela.data.* .rela.gnu.linkonce.d.*)

.rel.tdata
 *(.rel.tdata .rel.tdata.* .rel.gnu.linkonce.td.*)

.rela.tdata
 *(.rela.tdata .rela.tdata.* .rela.gnu.linkonce.td.*)

.rel.tbss
 *(.rel.tbss .rel.tbss.* .rel.gnu.linkonce.tb.*)

.rela.tbss
 *(.rela.tbss .rela.tbss.* .rela.gnu.linkonce.tb.*)

.rel.ctors
 *(.rel.ctors)

.rela.ctors
 *(.rela.ctors)

.rel.dtors
 *(.rel.dtors)

.rela.dtors
 *(.rela.dtors)

.rel.got
 *(.rel.got)

.rela.got
 *(.rela.got)

.rel.bss
 *(.rel.bss .rel.bss.* .rel.gnu.linkonce.b.*)

.rela.bss
 *(.rela.bss .rela.bss.* .rela.gnu.linkonce.b.*)

.rel.iplt       0x00008000        0x0
                [!provide]                PROVIDE (__rel_iplt_start, .)
 *(.rel.iplt)
 .rel.iplt      0x00008000        0x0 reboot.o
                [!provide]                PROVIDE (__rel_iplt_end, .)

.rela.iplt      0x00008000        0x0
                [!provide]                PROVIDE (__rela_iplt_start, .)
 *(.rela.iplt)
                [!provide]                PROVIDE (__rela_iplt_end, .)

.rel.plt
 *(.rel.plt)

.rela.plt
 *(.rela.plt)

.init
 *(SORT(.init))

.plt
 *(.plt)

.iplt           0x00008000        0x0
 *(.iplt)
 .iplt          0x00008000        0x0 reboot.o

.text           0x00800000    0x6edf0
 *(.text.unlikely .text.*_unlikely .text.unlikely.*)
 *(.text.exit .text.exit.*)
 *(.text.startup .text.startup.*)
 *(.text.hot .text.hot.*)
 *(.text .stub .text.* .gnu.linkonce.t.*)
 .text          0x00800000    0x6e938 reboot.o
                0x00800000                _start
                0x00804fbc                blob_start
                0x0086e6c0                blob_end
                0x0086e6c0                cstart
 *fill*         0x0086e938        0x8 
 .text          0x0086e940      0x264 disp_direct.o
                0x0086ea2c                disp_set_pixel
                0x0086ea64                disp_init
                0x0086eb60                print_line
 *fill*         0x0086eba4        0xc 
 .text          0x0086ebb0       0xdc font_direct.o
                0x0086ebb0                font_draw
 .text          0x0086ec8c       0x1c strlen.o
                0x0086ec8c                strlen
 .text          0x0086eca8       0x30 strcmp.o
                0x0086eca8                strcoll
                0x0086eca8                strcmp
 .text          0x0086ecd8      0x114 gcc-libgcc.a(_udivsi3.o)
                0x0086ecd8                __udivsi3
                0x0086ecd8                __aeabi_uidiv
                0x0086edcc                __aeabi_uidivmod
 .text          0x0086edec        0x4 gcc-libgcc.a(_dvmd_tls.o)
                0x0086edec                __aeabi_ldiv0
                0x0086edec                __aeabi_idiv0
 .text          0x0086edf0        0x0 footer.o
 *(.gnu.warning)
 *(.glue_7t)
 .glue_7t       0x0086edf0        0x0 linker stubs
 *(.glue_7)
 .glue_7        0x0086edf0        0x0 linker stubs
 *(.vfp11_veneer)
 .vfp11_veneer  0x0086edf0        0x0 linker stubs
 *(.v4_bx)
 .v4_bx         0x0086edf0        0x0 linker stubs

.fini
 *(SORT(.fini))
                [!provide]                PROVIDE (__etext, .)
                [!provide]                PROVIDE (_etext, .)
                [!provide]                PROVIDE (etext, .)

.rodata         0x0086edf0      0x565
 *(.rodata .rodata.* .gnu.linkonce.r.*)
 .rodata.str1.1
                0x0086edf0      0x17d reboot.o
                                0x17e (size before relaxing)
 *fill*         0x0086ef6d        0x3 
 .rodata        0x0086ef70       0x40 disp_direct.o
 .rodata.str1.1
                0x0086efb0       0x45 disp_direct.o
 .rodata        0x0086eff5      0x360 font_direct.o

.rodata1
 *(.rodata1)

.ARM.extab
 *(.ARM.extab* .gnu.linkonce.armextab.*)
                [!provide]                PROVIDE (__exidx_start, .)

.ARM.exidx
 *(.ARM.exidx* .gnu.linkonce.armexidx.*)
                [!provide]                PROVIDE (__exidx_end, .)

.eh_frame_hdr
 *(.eh_frame_hdr)
 *(.eh_frame_entry .eh_frame_entry.*)

.eh_frame
 *(.eh_frame)
 *(.eh_frame.*)

.gcc_except_table
 *(.gcc_except_table .gcc_except_table.*)

.gnu_extab
 *(.gnu_extab*)

.exception_ranges
 *(.exception_ranges .exception_ranges*)
                0x0086f355                . = .

.eh_frame
 *(.eh_frame)
 *(.eh_frame.*)

.gnu_extab
 *(.gnu_extab)

.gcc_except_table
 *(.gcc_except_table .gcc_except_table.*)

.exception_ranges
 *(.exception_ranges .exception_ranges*)

.tdata
 *(.tdata .tdata.* .gnu.linkonce.td.*)

.tbss
 *(.tbss .tbss.* .gnu.linkonce.tb.*)
 *(.tcommon)

.preinit_array  0x0086f355        0x0
                [!provide]                PROVIDE (__preinit_array_start, .)
 *(.preinit_array)
                [!provide]                PROVIDE (__preinit_array_end, .)

.init_array     0x0086f355        0x0
                [!provide]                PROVIDE (__init_array_start, .)
 *(SORT(.init_array.*))
 *(.init_array)
                [!provide]                PROVIDE (__init_array_end, .)

.fini_array     0x0086f355        0x0
                [!provide]                PROVIDE (__fini_array_start, .)
 *(SORT(.fini_array.*))
 *(.fini_array)
                [!provide]                PROVIDE (__fini_array_end, .)

.ctors
 *crtbegin.o(.ctors)
 *crtbegin?.o(.ctors)
 *(EXCLUDE_FILE(*crtend?.o *crtend.o) .ctors)
 *(SORT(.ctors.*))
 *(.ctors)

.dtors
 *crtbegin.o(.dtors)
 *crtbegin?.o(.dtors)
 *(EXCLUDE_FILE(*crtend?.o *crtend.o) .dtors)
 *(SORT(.dtors.*))
 *(.dtors)

.jcr
 *(.jcr)

.data.rel.ro
 *(.data.rel.ro.local* .gnu.linkonce.d.rel.ro.local.*)
 *(.data.rel.ro .data.rel.ro.* .gnu.linkonce.d.rel.ro.*)

.dynamic
 *(.dynamic)

.got            0x0086f358        0x0
 *(.got.plt)
 *(.igot.plt)
 .igot.plt      0x0086f358        0x0 reboot.o
 *(.got)
 *(.igot)

.data           0x0086f360       0x40
                0x0086f360                __data_start = .
 *(.data .data.* .gnu.linkonce.d.*)
 .data          0x0086f360        0x0 reboot.o
 .data          0x0086f360        0x8 disp_direct.o
 .data          0x0086f368        0x0 font_direct.o
 .data          0x0086f368        0x0 strlen.o
 .data          0x0086f368        0x0 strcmp.o
 .data          0x0086f368        0x0 gcc-libgcc.a(_udivsi3.o)
 .data          0x0086f368        0x0 gcc-libgcc.a(_dvmd_tls.o)
 *fill*         0x0086f368       0x18 
 .data          0x0086f380       0x20 footer.o
                0x0086f398                autoexec_bin_footer
                0x0086f3a0                autoexec_bin_checksum_end

.data1
 *(.data1)
                0x0086f3a0                _edata = .
                [!provide]                PROVIDE (edata, .)
                0x0086f3a0                . = .
                0x0086f3a0                __bss_start = .
                0x0086f3a0                __bss_start__ = .

.bss            0x0086f3a0        0x0
 *(.dynbss)
 *(.bss .bss.* .gnu.linkonce.b.*)
 .bss           0x0086f3a0        0x0 reboot.o
 .bss           0x0086f3a0        0x0 disp_direct.o
 .bss           0x0086f3a0        0x0 font_direct.o
 .bss           0x0086f3a0        0x0 strlen.o
 .bss           0x0086f3a0        0x0 strcmp.o
 .bss           0x0086f3a0        0x0 gcc-libgcc.a(_udivsi3.o)
 .bss           0x0086f3a0        0x0 gcc-libgcc.a(_dvmd_tls.o)
 .bss           0x0086f3a0        0x0 footer.o
 *(COMMON)
                0x0086f3a0                . = ALIGN ((. != 0x0)?0x4:0x1)
                0x0086f3a0                _bss_end__ = .
                0x0086f3a0                __bss_end__ = .
                0x0086f3a0                . = ALIGN (0x4)
                0x0086f3a0                . = SEGMENT_START ("ldata-segment", .)
                0x0086f3a0                . = ALIGN (0x4)
                0x0086f3a0                __end__ = .
                0x0086f3a0                _end = .
                [!provide]                PROVIDE (end, .)

.stab
 *(.stab)

.stabstr
 *(.stabstr)

.stab.excl
 *(.stab.excl)

.stab.exclstr
 *(.stab.exclstr)

.stab.index
 *(.stab.index)

.stab.indexstr
 *(.stab.indexstr)

.comment        0x00000000       0x6e
 *(.comment)
 .comment       0x00000000       0x6e reboot.o
                                 0x6f (size before relaxing)
 .comment       0x0000006e       0x6f disp_direct.o
 .comment       0x0000006e       0x6f font_direct.o
 .comment       0x0000006e       0x6f footer.o

.debug
 *(.debug)

.line
 *(.line)

.debug_srcinfo
 *(.debug_srcinfo)

.debug_sfnames
 *(.debug_sfnames)

.debug_aranges  0x00000000       0x78
 *(.debug_aranges)
 .debug_aranges
                0x00000000       0x20 reboot.o
 .debug_aranges
                0x00000020       0x20 disp_direct.o
 .debug_aranges
                0x00000040       0x20 font_direct.o
 .debug_aranges
                0x00000060       0x18 footer.o

.debug_pubnames
 *(.debug_pubnames)

.debug_info     0x00000000      0xe40
 *(.debug_info .gnu.linkonce.wi.*)
 .debug_info    0x00000000      0x696 reboot.o
 .debug_info    0x00000696      0x54e disp_direct.o
 .debug_info    0x00000be4      0x23b font_direct.o
 .debug_info    0x00000e1f       0x21 footer.o

.debug_abbrev   0x00000000      0x5ff
 *(.debug_abbrev)
 .debug_abbrev  0x00000000      0x25c reboot.o
 .debug_abbrev  0x0000025c      0x258 disp_direct.o
 .debug_abbrev  0x000004b4      0x138 font_direct.o
 .debug_abbrev  0x000005ec       0x13 footer.o

.debug_line     0x00000000      0xcce
 *(.debug_line .debug_line.* .debug_line_end)
 .debug_line    0x00000000      0x459 reboot.o
 .debug_line    0x00000459      0x421 disp_direct.o
 .debug_line    0x0000087a      0x421 font_direct.o
 .debug_line    0x00000c9b       0x33 footer.o

.debug_frame    0x00000000      0x120
 *(.debug_frame)
 .debug_frame   0x00000000       0x28 reboot.o
 .debug_frame   0x00000028       0x9c disp_direct.o
 .debug_frame   0x000000c4       0x3c font_direct.o
 .debug_frame   0x00000100       0x20 gcc-libgcc.a(_udivsi3.o)

.debug_str      0x00000000     0x9e9c
 *(.debug_str)
 .debug_str     0x00000000     0x9439 reboot.o
                               0x96a7 (size before relaxing)
 .debug_str     0x00009439      0x1e5 disp_direct.o
                               0x8787 (size before relaxing)
 .debug_str     0x0000961e      0x86b font_direct.o
                               0x8e3e (size before relaxing)
 .debug_str     0x00009e89       0x13 footer.o
                               0x253b (size before relaxing)

.debug_loc      0x00000000      0x693
 *(.debug_loc)
 .debug_loc     0x00000000      0x156 reboot.o
 .debug_loc     0x00000156      0x370 disp_direct.o
 .debug_loc     0x000004c6      0x1cd font_direct.o

.debug_macinfo
 *(.debug_macinfo)

.debug_weaknames
 *(.debug_weaknames)

.debug_funcnames
 *(.debug_funcnames)

.debug_typenames
 *(.debug_typenames)

.debug_varnames
 *(.debug_varnames)

.debug_pubtypes
 *(.debug_pubtypes)

.debug_ranges   0x00000000      0x148
 *(.debug_ranges)
 .debug_ranges  0x00000000       0x18 reboot.o
 .debug_ranges  0x00000018       0xc0 disp_direct.o
 .debug_ranges  0x000000d8       0x70 font_direct.o

.debug_macro    0x00000000     0x2b28
 *(.debug_macro)
 .debug_macro   0x00000000      0x23b reboot.o
 .debug_macro   0x0000023b      0x892 reboot.o
 .debug_macro   0x00000acd       0x3a reboot.o
 .debug_macro   0x00000b07       0x10 reboot.o
 .debug_macro   0x00000b17       0x22 reboot.o
 .debug_macro   0x00000b39       0x87 reboot.o
 .debug_macro   0x00000bc0       0x44 reboot.o
 .debug_macro   0x00000c04       0xfd reboot.o
 .debug_macro   0x00000d01       0x5e reboot.o
 .debug_macro   0x00000d5f      0x1df reboot.o
 .debug_macro   0x00000f3e       0x52 reboot.o
 .debug_macro   0x00000f90      0x16d reboot.o
 .debug_macro   0x000010fd      0x330 reboot.o
 .debug_macro   0x0000142d       0x25 reboot.o
 .debug_macro   0x00001452      0x118 reboot.o
 .debug_macro   0x0000156a       0x35 reboot.o
 .debug_macro   0x0000159f       0x9c reboot.o
 .debug_macro   0x0000163b       0x10 reboot.o
 .debug_macro   0x0000164b       0x52 reboot.o
 .debug_macro   0x0000169d       0x1f reboot.o
 .debug_macro   0x000016bc       0x43 reboot.o
 .debug_macro   0x000016ff       0x20 reboot.o
 .debug_macro   0x0000171f       0x1c reboot.o
 .debug_macro   0x0000173b       0x52 reboot.o
 .debug_macro   0x0000178d       0x40 reboot.o
 .debug_macro   0x000017cd       0x10 reboot.o
 .debug_macro   0x000017dd       0x40 reboot.o
 .debug_macro   0x0000181d       0xd7 reboot.o
 .debug_macro   0x000018f4       0x82 reboot.o
 .debug_macro   0x00001976      0x343 reboot.o
 .debug_macro   0x00001cb9       0x22 reboot.o
 .debug_macro   0x00001cdb       0xa7 reboot.o
 .debug_macro   0x00001d82      0x2a0 reboot.o
 .debug_macro   0x00002022       0x58 reboot.o
 .debug_macro   0x0000207a       0xa0 reboot.o
 .debug_macro   0x0000211a       0x52 reboot.o
 .debug_macro   0x0000216c      0x187 reboot.o
 .debug_macro   0x000022f3       0x10 reboot.o
 .debug_macro   0x00002303       0x35 reboot.o
 .debug_macro   0x00002338      0x1ef disp_direct.o
 .debug_macro   0x00002527       0x4c disp_direct.o
 .debug_macro   0x00002573       0x8d disp_direct.o
 .debug_macro   0x00002600       0x4a disp_direct.o
 .debug_macro   0x0000264a       0x16 disp_direct.o
 .debug_macro   0x00002660       0x2b disp_direct.o
 .debug_macro   0x0000268b      0x258 font_direct.o
 .debug_macro   0x000028e3       0x16 font_direct.o
 .debug_macro   0x000028f9       0x16 font_direct.o
 .debug_macro   0x0000290f       0x29 font_direct.o
 .debug_macro   0x00002938       0x1c font_direct.o
 .debug_macro   0x00002954       0x10 font_direct.o
 .debug_macro   0x00002964       0x16 font_direct.o
 .debug_macro   0x0000297a      0x18b font_direct.o
 .debug_macro   0x00002b05       0x23 footer.o

.stack          0x00080000        0x0
                0x00080000                _stack = .
 *(.stack)

.ARM.attributes
                0x00000000       0x29
 *(.ARM.attributes)
 .ARM.attributes
                0x00000000       0x27 reboot.o
 .ARM.attributes
                0x00000027       0x27 disp_direct.o
 .ARM.attributes
                0x0000004e       0x27 font_direct.o
 .ARM.attributes
                0x00000075       0x14 strlen.o
 .ARM.attributes
                0x00000089       0x30 strcmp.o
 .ARM.attributes
                0x000000b9       0x18 gcc-libgcc.a(_udivsi3.o)
 .ARM.attributes
                0x000000d1       0x18 gcc-libgcc.a(_dvmd_tls.o)
 .ARM.attributes
                0x000000e9       0x27 footer.o
 *(.gnu.attributes)

.note.gnu.arm.ident
 *(.note.gnu.arm.ident)

/DISCARD/
 *(.note.GNU-stack)
 *(.gnu_debuglink)
 *(.gnu.lto_*)
OUTPUT(autoexec elf32-littlearm)

Cross Reference Table

Symbol                                            File
__aeabi_idiv0                                     gcc-libgcc.a(_dvmd_tls.o)
                                                  gcc-libgcc.a(_udivsi3.o)
__aeabi_ldiv0                                     gcc-libgcc.a(_dvmd_tls.o)
__aeabi_uidiv                                     gcc-libgcc.a(_udivsi3.o)
                                                  font_direct.o
__aeabi_uidivmod                                  gcc-libgcc.a(_udivsi3.o)
__udivsi3                                         gcc-libgcc.a(_udivsi3.o)
_start                                            reboot.o
autoexec_bin_checksum_end                         footer.o
                                                  reboot.o
autoexec_bin_footer                               footer.o
                                                  reboot.o
blob_end                                          reboot.o
blob_start                                        reboot.o
cstart                                            reboot.o
disp_init                                         disp_direct.o
                                                  reboot.o
disp_set_pixel                                    disp_direct.o
                                                  font_direct.o
font_draw                                         font_direct.o
                                                  disp_direct.o
print_line                                        disp_direct.o
                                                  reboot.o
strcmp                                            strcmp.o
                                                  disp_direct.o
strcoll                                           strcmp.o
strlen                                            strlen.o
                                                  font_direct.o
