Archive member included to satisfy reference by file (symbol)

dietlibc.a(strrchr.o)         ../../tcc/libtccx.o (strrchr)
dietlibc.a(strncpy.o)         fio-ml.o (strncpy)
dietlibc.a(strlen.o)          fio-ml.o (strlen)
dietlibc.a(strncmp.o)         fio-ml.o (strncmp)
dietlibc.a(strcpy.o)          backtrace.o (strcpy)
dietlibc.a(strcmp.o)          rbf_font.o (strcmp)
dietlibc.a(strcasecmp.o)      (strcasecmp)
dietlibc.a(strtoull.o)        ../../tcc/libtccx.o (strtoull)
dietlibc.a(strtoul.o)         ../../tcc/libtccx.o (strtoul)
dietlibc.a(strchr.o)          fio-ml.o (strchr)
dietlibc.a(strstr.o)          (strstr)
dietlibc.a(memcmp.o)          ../../tcc/libtccx.o (memcmp)
dietlibc.a(memmove.o)         (memmove)
dietlibc.a(atol.o)            config.o (atoi)
dietlibc.a(errno.o)           dietlibc.a(strtoull.o) (errno)
newlib-libc.a(lib_a-setjmp.o)
                              ../../tcc/libtccx.o (longjmp)
newlib-libc.a(lib_a-memcpy-stub.o)
                              boot-hack.o (memcpy)
newlib-libc.a(lib_a-memccpy.o)
                              dietlibc.a(strncpy.o) (memccpy)
newlib-libc.a(lib_a-memset.o)
                              mem.o (memset)
newlib-libm.a(lib_a-sf_ceil.o)
                              (ceilf)
newlib-libm.a(lib_a-sf_cos.o)
                              chdk-gui_draw.o (cosf)
newlib-libm.a(lib_a-sf_frexp.o)
                              (frexpf)
newlib-libm.a(lib_a-sf_log2.o)
                              (log2f)
newlib-libm.a(lib_a-sf_round.o)
                              lens.o (roundf)
newlib-libm.a(lib_a-sf_sin.o)
                              chdk-gui_draw.o (sinf)
newlib-libm.a(lib_a-sf_tan.o)
                              (tanf)
newlib-libm.a(lib_a-wf_acos.o)
                              (acosf)
newlib-libm.a(lib_a-wf_asin.o)
                              (asinf)
newlib-libm.a(lib_a-wf_atan2.o)
                              (atan2f)
newlib-libm.a(lib_a-wf_exp.o)
                              (expf)
newlib-libm.a(lib_a-wf_fmod.o)
                              (fmodf)
newlib-libm.a(lib_a-wf_log10.o)
                              (log10f)
newlib-libm.a(lib_a-wf_log.o)
                              newlib-libm.a(lib_a-sf_log2.o) (logf)
newlib-libm.a(lib_a-wf_pow.o)
                              lens.o (powf)
newlib-libm.a(lib_a-wf_sqrt.o)
                              focus.o (sqrtf)
newlib-libm.a(lib_a-ef_acos.o)
                              newlib-libm.a(lib_a-wf_acos.o) (__ieee754_acosf)
newlib-libm.a(lib_a-ef_asin.o)
                              newlib-libm.a(lib_a-wf_asin.o) (__ieee754_asinf)
newlib-libm.a(lib_a-ef_atan2.o)
                              newlib-libm.a(lib_a-wf_atan2.o) (__ieee754_atan2f)
newlib-libm.a(lib_a-ef_exp.o)
                              newlib-libm.a(lib_a-wf_exp.o) (__ieee754_expf)
newlib-libm.a(lib_a-ef_fmod.o)
                              newlib-libm.a(lib_a-wf_fmod.o) (__ieee754_fmodf)
newlib-libm.a(lib_a-ef_log10.o)
                              newlib-libm.a(lib_a-wf_log10.o) (__ieee754_log10f)
newlib-libm.a(lib_a-ef_log.o)
                              newlib-libm.a(lib_a-wf_log.o) (__ieee754_logf)
newlib-libm.a(lib_a-ef_pow.o)
                              newlib-libm.a(lib_a-wf_pow.o) (__ieee754_powf)
newlib-libm.a(lib_a-ef_rem_pio2.o)
                              newlib-libm.a(lib_a-sf_cos.o) (__ieee754_rem_pio2f)
newlib-libm.a(lib_a-ef_sqrt.o)
                              newlib-libm.a(lib_a-wf_sqrt.o) (__ieee754_sqrtf)
newlib-libm.a(lib_a-kf_cos.o)
                              newlib-libm.a(lib_a-sf_cos.o) (__kernel_cosf)
newlib-libm.a(lib_a-kf_rem_pio2.o)
                              newlib-libm.a(lib_a-ef_rem_pio2.o) (__kernel_rem_pio2f)
newlib-libm.a(lib_a-kf_sin.o)
                              newlib-libm.a(lib_a-sf_cos.o) (__kernel_sinf)
newlib-libm.a(lib_a-kf_tan.o)
                              newlib-libm.a(lib_a-sf_tan.o) (__kernel_tanf)
newlib-libm.a(lib_a-sf_atan.o)
                              newlib-libm.a(lib_a-ef_atan2.o) (atanf)
newlib-libm.a(lib_a-sf_fabs.o)
                              newlib-libm.a(lib_a-wf_acos.o) (fabsf)
newlib-libm.a(lib_a-sf_finite.o)
                              newlib-libm.a(lib_a-wf_exp.o) (finitef)
newlib-libm.a(lib_a-sf_floor.o)
                              newlib-libm.a(lib_a-kf_rem_pio2.o) (floorf)
newlib-libm.a(lib_a-sf_fpclassify.o)
                              newlib-libm.a(lib_a-wf_acos.o) (__fpclassifyf)
newlib-libm.a(lib_a-sf_nan.o)
                              newlib-libm.a(lib_a-ef_pow.o) (nanf)
newlib-libm.a(lib_a-sf_scalbn.o)
                              newlib-libm.a(lib_a-ef_pow.o) (scalbnf)
newlib-libm.a(lib_a-s_lib_ver.o)
                              newlib-libm.a(lib_a-wf_acos.o) (__fdlib_version)
newlib-libm.a(lib_a-s_matherr.o)
                              newlib-libm.a(lib_a-wf_acos.o) (matherr)
newlib-libm.a(lib_a-s_nan.o)  newlib-libm.a(lib_a-wf_acos.o) (nan)
newlib-libm.a(lib_a-s_rint.o)
[...]
Memory Configuration

Name             Origin             Length             Attributes
*default*        0x00000000         0xffffffff

Linker script and memory map

                0x0004b000                . = 0x4b000

.text           0x0004b000    0x51998
                0x0004b000                _text_start = .
 *(.text)
 .text          0x0004b000        0x4 entry.o
                0x0004b000                _start
 .text          0x0004b004        0x0 ../../platform/50D.109/stubs.o
 .text          0x0004b004        0x0 version.o
 *fill*         0x0004b004        0xc 
 .text          0x0004b010      0x37c backtrace.o
                0x0004b010                eos_backtrace_rebuild
                0x0004b350                backtrace_print
                0x0004b378                backtrace_getstr
 *fill*         0x0004b38c        0x4 
 .text          0x0004b390      0x7b4 boot-hack.o
                0x0004b818                copy_and_restart
                0x0004ba40                magic_is_off
                0x0004ba50                _disable_ml_startup
                0x0004ba64                hold_your_horses
                0x0004ba8c                get_assert_msg
                0x0004ba98                ml_assert_handler
                0x0004bb18                ml_crash_message
 *fill*         0x0004bb44        0xc 
 .text          0x0004bb50      0xb2c fio-ml.o
                0x0004bd84                get_ml_card
                0x0004bd94                get_shooting_card
                0x0004bda4                get_card
                0x0004bde4                get_free_space_32k
                0x0004be08                _card_tweaks
                0x0004be0c                get_dcim_dir_suffix
                0x0004be18                get_dcim_dir
                0x0004be64                FIO_OpenFile
                0x0004be98                FIO_GetFileSize
                0x0004bec4                FIO_RemoveFile
                0x0004bee8                FIO_FindFirstEx
                0x0004bf14                FIO_GetFileSize_direct
                0x0004bf48                FIO_ReadFile
                0x0004c048                FIO_WriteFile
                0x0004c090                is_file
                0x0004c0b4                is_dir
                0x0004c0e0                _find_ml_card
                0x0004c1a8                FIO_CreateDirectory
                0x0004c250                FIO_CreateFile
                0x0004c2d4                FIO_CreateFileOrAppend
                0x0004c320                FIO_CopyFile
                0x0004c3f8                FIO_MoveFile
                0x0004c41c                FIO_RenameFile
                0x0004c420                get_numbered_file_name
                0x0004c4a0                dump_seg
                0x0004c4d4                dump_big_seg
                0x0004c548                read_file
                0x0004c58c                read_entire_file
                0x0004c620                my_fprintf
 *fill*         0x0004c67c        0x4 
 .text          0x0004c680     0x204c mem.o
                0x0004c688                GetFreeMemForMalloc
                0x0004c7fc                GetFreeMemForAllocateMemory
                0x0004cd78                __priv_malloc
                0x0004cd7c                __priv_free
                0x0004cd80                __priv_AllocateMemory
                0x0004cd84                __priv_FreeMemory
                0x0004cd88                __priv_alloc_dma_memory
                0x0004cd8c                __priv_free_dma_memory
                0x0004cd90                __priv_shoot_malloc
                0x0004cd94                __priv_shoot_free
                0x0004cd98                format_memory_size
                0x0004df50                __mem_malloc
                0x0004e3cc                __mem_free
                0x0004e5ac                shoot_malloc_suite
                0x0004e5e4                shoot_free_suite
                0x0004e614                srm_malloc_suite
                0x0004e64c                srm_free_suite
                0x0004e67c                shoot_malloc_suite_contig
                0x0004e6b4                mem_menu_init
 *fill*         0x0004e6cc        0x4 
 .text          0x0004e6d0        0x0 ico.o
 .text          0x0004e6d0      0x58c edmac.o
                0x0004e6d8                edmac_index_to_channel
                0x0004e718                edmac_get_dir
                0x0004e750                edmac_channel_to_index
                0x0004e7ec                edmac_get_base
                0x0004e838                edmac_get_channel
                0x0004e894                edmac_get_state
                0x0004e8b4                edmac_get_flags
                0x0004e8d8                edmac_get_address
                0x0004e8fc                edmac_get_pointer
                0x0004e91c                edmac_get_length
                0x0004e940                edmac_get_connection
                0x0004e9e8                edmac_fix_off1
                0x0004e9f4                edmac_fix_off2
                0x0004ea00                edmac_get_info
                0x0004eb48                edmac_get_total_size
                0x0004ebdc                edmac_bytes_per_transfer
 *fill*         0x0004ec5c        0x4 
 .text          0x0004ec60     0x7fc8 menu.o
                0x0004eee4                menu_open_submenu
                0x00052790                get_menu_edit_mode
                0x000527a0                menu_set_dirty
                0x000527b4                menu_enable_lv_transparent_mode
                0x000527e0                menu_disable_lv_transparent_mode
                0x000527f4                menu_get_root
                0x00052804                menu_numeric_toggle
                0x0005288c                menu_numeric_toggle_time
                0x00052b44                menu_add
                0x00052b4c                customize_menu_init
                0x00052bc8                menu_add_base
                0x00052e9c                menu_remove
                0x00053058                menu_redraw
                0x000530b4                menu_redraw_flood
                0x00053160                handle_ml_menu_keyrepeat
                0x000531c0                keyrepeat_ack
                0x000531e0                menu_init
                0x00053314                gui_menu_shown
                0x00053324                is_submenu_or_edit_mode_active
                0x00053360                is_menu_help_active
                0x00053388                menu_active_but_hidden
                0x000533b0                menu_active_and_not_hidden
                0x000533f8                gui_stop_menu
                0x00053a34                run_in_separate_task
                0x00053a94                gui_open_menu
                0x00053b54                is_menu_entry_selected
                0x00053bcc                is_menu_selected
                0x00053c04                is_menu_active
                0x00054300                select_menu
                0x00054374                select_menu_by_name
                0x00055628                menu_benchmark
                0x00055798                handle_ml_menu_erase
                0x000558f0                menu_close_submenu
                0x00055918                menu_toggle_submenu
                0x00055da8                handle_ml_menu_keys
                0x0005659c                handle_quick_access_menu_items
                0x000565a4                config_menu_save_flags
                0x000566d4                menu_get_value_from_script
                0x0005672c                menu_get_str_value_from_script
                0x00056794                menu_set_str_value_from_script
                0x00056a04                menu_set_value_from_script
                0x00056abc                menu_request_image_backend
                0x00056b54                menu_advanced_toggle
                0x00056ba4                menu_advanced_update
 *fill*         0x00056c28        0x8 
 .text          0x00056c30     0x1654 debug.o
                0x00057754                _card_led_on
                0x00057768                _card_led_off
                0x0005777c                info_led_on
                0x00057788                info_led_off
                0x00057794                info_led_blink
                0x00057ee8                request_crash_log
                0x00057ef8                request_core_dump
                0x00057f14                menu_kill_flicker
                0x00057f24                debug_init
                0x00057f28                debug_init_stuff
                0x00057f2c                handle_keep_ml_after_format_toggle
                0x00057fa0                debug_menu_init
                0x00057fe8                spy_event
                0x000580c0                get_halfshutter_pressed
                0x000580e8                get_zoom_out_pressed
                0x000580f8                handle_buttons_being_held
                0x00058140                handle_tricky_canon_calls
                0x00058244                EngDrvOut
                0x0005826c                engio_write
 *fill*         0x00058284        0xc 
 .text          0x00058290      0x160 rand.o
                0x00058290                rand_fill
                0x00058370                rand_seed
 .text          0x000583f0      0x14c posix.o
                0x000583f0                rand
                0x00058418                srand
                0x0005841c                strdup
                0x0005844c                time
                0x00058454                clock
                0x00058458                calloc
                0x00058490                realloc
                0x000584d4                strlcat
                0x00058524                strcat
 *fill*         0x0005853c        0x4 
 .text          0x00058540       0xe4 util.o
                0x00058540                util_atomic_inc
                0x00058574                util_atomic_dec
                0x000585a8                bin_search
 *fill*         0x00058624        0xc 
 .text          0x00058630       0x98 imath.o
                0x00058630                powi
                0x0005865c                log2i
                0x00058674                log10i
                0x00058698                log_length
 *fill*         0x000586c8        0x8 
 .text          0x000586d0        0x8 electronic_level.o
 *fill*         0x000586d8        0x8 
 .text          0x000586e0       0x8c cfn.o
                0x000586e0                get_htp
                0x000586ec                set_htp
                0x000586fc                get_alo
                0x00058708                set_alo
                0x00058718                get_mlu
                0x00058724                set_mlu
                0x00058734                cfn_get_af_button_assignment
                0x00058740                cfn_set_af_button
                0x00058750                get_af_star_swap
                0x0005875c                set_af_star_swap
 *fill*         0x0005876c        0x4 
 .text          0x00058770      0x290 gui.o
 .text          0x00058a00      0x200 picstyle-noauto.o
                0x00058ab4                get_prop_picstyle_from_index
                0x00058b5c                get_prop_picstyle_index
 .text          0x00058c00      0xb04 exmem.o
                0x00058dd0                GetNumberOfChunks
                0x00058e18                GetSizeOfMemorySuite
                0x00058e60                GetSizeOfMemoryChunk
                0x00058ea8                _shoot_free_suite
                0x00058ee8                exmem_save_buffer
                0x00058f68                exmem_clear
                0x00058fcc                _shoot_malloc_suite
                0x00059058                _shoot_malloc_suite_contig
                0x00059174                _shoot_malloc
                0x000591a0                _shoot_free
                0x000591f0                _shoot_get_free_space
                0x00059218                _srm_malloc_suite
                0x000593dc                _srm_free_suite
                0x00059484                _srm_free
                0x00059504                _srm_malloc
                0x0005962c                _srm_get_max_region
                0x00059664                _srm_get_free_space
 *fill*         0x00059704        0xc 
 .text          0x00059710     0x1a54 bmp.o
                0x00059870                BMP_VRAM_START
                0x00059904                bmp_vram_real
                0x00059924                bmp_vram_idle
                0x00059934                bmp_draw_to_idle
                0x00059944                bmp_vram
                0x00059960                bmp_idle_copy
                0x00059a60                bmp_putpixel_fast
                0x00059a70                bmp_puts
                0x00059b1c                bmp_printf
                0x00059b70                big_bmp_printf
                0x00059bf0                bmp_string_width
                0x00059c10                bmp_strlen_clipped
                0x00059c30                bmp_fill
                0x00059ce0                bmp_load_ram
                0x0005a01c                bmp_load
                0x0005a0e0                clrscr
                0x0005a124                bmp_getpixel
                0x0005a198                bmp_putpixel
                0x0005a1fc                bmp_draw_rect
                0x0005a29c                bmp_draw_rect_chamfer
                0x0005a43c                bmp_draw_request_stop
                0x0005a450                bmp_draw_scaled_ex
                0x0005aa94                bfnt_draw_char
                0x0005abe0                bfnt_char_get_width
                0x0005ac28                bmp_flip
                0x0005ad6c                bmp_flip_ex
                0x0005af20                bmp_is_on
                0x0005af38                bmp_on
                0x0005af90                bmp_off
                0x0005afe8                bmp_mute_flag_reset
                0x0005b000                bmp_zoom
 *fill*         0x0005b164        0xc 
 .text          0x0005b170      0xf08 rbf_font.o
                0x0005b658                font_by_name
                0x0005b974                rbf_str_width
                0x0005b9c0                rbf_str_clipped_width
                0x0005b9f4                rbf_strlen_clipped
                0x0005ba30                rbf_draw_string
                0x0005bf38                _load_fonts
 *fill*         0x0005c078        0x8 
 .text          0x0005c080     0x11f8 config.o
                0x0005c818                config_save_file
                0x0005c990                config_flag_file_setting_load
                0x0005c9ac                config_flag_file_setting_save
                0x0005ca40                config_parse_file
                0x0005cb38                get_config_var
                0x0005cb58                set_config_var
                0x0005cb70                set_config_var_ptr
                0x0005cbb0                config_var_was_changed
                0x0005cbd8                config_var_restore_default
                0x0005cbf8                module_config_load
                0x0005cc5c                module_config_save
                0x0005cd80                get_config_dir
                0x0005cd8c                get_config_preset_name
                0x0005cd9c                handle_select_config_file_by_key_at_startup
                0x0005ce00                config_load
                0x0005d1a4                config_save
                0x0005d228                config_save_at_shutdown
 *fill*         0x0005d278        0x8 
 .text          0x0005d280      0x27c stdio.o
                0x0005d280                streq
                0x0005d2c4                toupper
                0x0005d2d4                tolower
                0x0005d2e4                __errno
                0x0005d2f0                islower
                0x0005d304                isupper
                0x0005d318                isalpha
                0x0005d330                isdigit
                0x0005d344                isxdigit
                0x0005d364                isalnum
                0x0005d394                ispunct
                0x0005d3b4                isgraph
                0x0005d3e4                isspace
                0x0005d404                iscntrl
                0x0005d424                snprintf
                0x0005d450                memset64
                0x0005d4a4                memcpy64
 *fill*         0x0005d4fc        0x4 
 .text          0x0005d500      0xd78 bitrate.o
                0x0005dcc0                hibr_should_record_wav
                0x0005dcc8                bitrate_mvr_log
                0x0005dd74                time_indicator_show
                0x0005de90                is_mvr_buffer_almost_full
                0x0005df54                show_mvr_buffer_status
                0x0005e074                movie_indicators_show
 *fill*         0x0005e278        0x8 
 .text          0x0005e280        0x0 lcdsensor.o
 .text          0x0005e280     0x3e00 tweaks.o
                0x0005edb8                get_expsim
                0x0005ef34                set_expsim
                0x0005ef8c                set_backlight_level
                0x0005efbc                afframe_set_dirty
                0x0005efd0                afframe_clr_dirty
                0x0005efe4                clear_lv_afframe
                0x0005f290                clear_lv_afframe_if_dirty
                0x0005f2fc                is_pure_play_photo_mode
                0x000602f0                is_pure_play_movie_mode
                0x0006033c                is_pure_play_photo_or_movie_mode
                0x00060364                is_play_or_qr_mode
                0x0006039c                is_play_mode
                0x000603c8                is_menu_mode
                0x000603f4                handle_set_wheel_play
                0x00060608                handle_fast_zoom_box
                0x0006071c                handle_fast_zoom_in_play_mode
                0x00060834                handle_push_wb
                0x00060860                handle_arrow_keys
                0x00060be0                arrow_keys_shortcuts_active
                0x00060c20                display_shortcut_key_hints_lv
                0x00061154                alter_bitmap_palette_entry
                0x00061244                anamorphic_squeeze_bmp_y
                0x00061350                defish_draw_play
                0x000617a4                display_filter_get_buffers
                0x000619f4                display_filter_enabled
                0x00061aa0                display_broken_for_mz
                0x00061ab0                display_filter_lv_vsync
                0x00061b5c                display_filter_step
 .text          0x00062080        0x0 tweaks-eyefi.o
 .text          0x00062080     0x4b84 lens.o
                0x0006308c                lens_format_dist
                0x000631d8                should_draw_bottom_bar
                0x00063240                raw2shutter_ms
                0x00063294                shutter_ms_to_raw
                0x000632e0                shutterf_to_raw
                0x0006332c                raw2shutterf
                0x0006336c                expo_value_rounding_ok
                0x000633c4                round_shutter
                0x00063478                round_aperture
                0x00063574                round_expo_comp
                0x00063600                lens_set_ae
                0x00063648                round_flash_expo_comp
                0x000636d4                lens_set_flash_ae
                0x0006371c                get_shootmode_name
                0x0006390c                get_shootmode_name_short
                0x00063b38                get_ml_topbar_pos
                0x00063c1c                get_ml_bottombar_pos
                0x00063cbc                draw_ml_bottombar
                0x00063cdc                lens_format_shutter_reciprocal
                0x00063f68                lens_format_shutter
                0x0006410c                free_space_show_photomode
                0x00064188                draw_ml_topbar
                0x000641a8                update_lens_display
                0x000641cc                lens_focus
                0x000643b4                raw2index_iso
                0x000643e8                raw2iso
                0x000647bc                val2raw_iso
                0x00064800                raw2index_shutter
                0x00064834                val2raw_shutter
                0x00064870                raw2index_aperture
                0x000648a4                lens_format_aperture
                0x00064998                val2raw_aperture
                0x000649d8                lens_set_custom_wb_gains
                0x00064a7c                lens_set_kelvin
                0x00064b8c                lens_set_kelvin_value_only
                0x00064c34                split_iso
                0x00064c94                iso_components_update
                0x00064f70                iso_auto_restore_hack
                0x00065218                job_state_ready_to_take_pic
                0x00065250                lens_wait_readytotakepic
                0x0006535c                assign_af_button_to_halfshutter
                0x000653bc                assign_af_button_to_star_button
                0x0006541c                lens_setup_af
                0x0006548c                restore_af_button_assignment
                0x000654f4                restore_af_button_assignment_at_shutdown
                0x00065530                lens_cleanup_af
                0x00065880                crop_factor_menu_init
                0x000658c8                lens_get_contrast
                0x000658f4                lens_get_sharpness
                0x00065920                lens_get_saturation
                0x0006594c                lens_get_color_tone
                0x00065dec                lens_get_from_other_picstyle_contrast
                0x00065e04                lens_get_from_other_picstyle_sharpness
                0x00065e1c                lens_get_from_other_picstyle_saturation
                0x00065e34                lens_get_from_other_picstyle_color_tone
                0x00065e4c                lens_set_contrast
                0x00065e90                lens_set_sharpness
                0x00065ed0                lens_set_saturation
                0x00065f10                lens_set_color_tone
                0x00065f50                SW1
                0x00065f8c                SW2
                0x00065fc8                mlu_lock_mirror_if_needed
                0x0006610c                lens_take_picture
                0x0006623c                expo_override_active
                0x00066268                bv_update_lensinfo
                0x000662c8                bv_apply_tv
                0x00066314                bv_apply_av
                0x00066364                bv_apply_iso
                0x000664e8                bv_set_rawshutter
                0x00066550                bv_set_rawiso
                0x000665b0                bv_set_rawaperture
                0x000665fc                bv_auto_update
                0x000667d4                lens_set_rawaperture
                0x00066810                lens_set_rawiso
                0x0006684c                lens_set_rawshutter
                0x0006696c                lens_set_drivemode
                0x000669a4                lens_set_wbs_gm
                0x000669d8                lens_set_wbs_ba
                0x00066a0c                hdr_set_rawiso
                0x00066a1c                hdr_set_rawshutter
                0x00066a50                hdr_set_rawaperture
                0x00066aa4                hdr_set_ae
                0x00066adc                hdr_set_flash_ae
                0x00066b10                get_max_analog_iso
                0x00066b18                get_max_ae_ev
                0x00066b20                get_ae_value
                0x00066b2c                get_bv
                0x00066bf8                get_ae_state
 *fill*         0x00066c04        0xc 
 .text          0x00066c10      0x464 property.o
                0x00066cf0                prop_add_handler
                0x00066d7c                prop_add_internal_handlers
                0x00066dac                prop_reset_registration
                0x00066ddc                prop_init
                0x00066de0                prop_update_registration
                0x00066df8                prop_request_change
                0x00066f94                prop_request_change_wait
 *fill*         0x00067074        0xc 
 .text          0x00067080      0x93c propvalues.o
                0x000674cc                is_camera
                0x00067528                is_movie_mode
                0x00067554                set_recording_custom
                0x00067564                get_video_mode_name
                0x000678a0                get_display_device_name
 *fill*         0x000679bc        0x4 
 .text          0x000679c0      0x62c gui-common.o
                0x000679c4                is_canon_bottom_bar_dirty
                0x000679cc                get_last_time_active
                0x000679dc                handle_other_events
                0x000679e4                handle_common_events_startup
                0x00067a4c                reset_pre_shutdown_flag_step
                0x00067a94                check_pre_shutdown_flag
                0x00067ae8                handle_scrollwheel_fast_clicks
                0x00067b44                handle_flexinfo_keys
                0x00067b4c                handle_common_events_by_feature
                0x00067e14                detect_double_click
                0x00067f0c                get_info_button_name
                0x00067f18                gui_uilock
                0x00067f6c                ui_lock
                0x00067f70                fake_simple_button
                0x00067fb8                display_is_on
                0x00067fc4                delayed_call
                0x00067fd0                redraw_after
                0x00067fe0                get_gui_mode
 *fill*         0x00067fec        0x4 
 .text          0x00067ff0      0x398 chdk-gui_draw.o
                0x00067ff0                draw_line
                0x000680e8                draw_circle
                0x00068220                fill_circle
                0x000682e0                draw_angled_line
 *fill*         0x00068388        0x8 
 .text          0x00068390     0x11ec movtweaks.o
                0x00068400                lv_movie_toggle
                0x00068438                lv_movie_size_toggle
                0x000685b8                set_shooting_mode
                0x00068620                force_liveview
                0x000686ec                close_liveview
                0x00068724                shutter_btn_rec_do
                0x00068760                movtweak_task_init
                0x000687d8                movtweak_step
                0x00068b04                get_screen_layout_ptr
                0x00068b4c                get_screen_layout
                0x00068b9c                screen_layout_update
                0x00068bb8                screen_layout_toggle
                0x00068be4                rec_notify_continuous
                0x00068e98                rec_notify_trigger
                0x00068edc                bv_enable
                0x00068fe8                bv_disable
                0x00069064                bv_toggle
                0x0006909c                smooth_iso_step
                0x00069564                movie_tweak_menu_init
 *fill*         0x0006957c        0x4 
 .text          0x00069580      0x5ac menuhelp.o
                0x00069580                draw_beta_warning
                0x00069690                draw_404_page
                0x00069760                draw_help_not_installed_page
                0x000697e8                menu_help_show_page
                0x000698e4                menu_help_redraw
                0x00069918                menu_help_next_page
                0x0006995c                menu_help_prev_page
                0x000699a0                menu_help_go_to_page
                0x000699c0                str_make_lowercase
                0x000699e4                menu_help_go_to_label
 *fill*         0x00069b2c        0x4 
 .text          0x00069b30       0x28 menuindex.o
 *fill*         0x00069b58        0x8 
 .text          0x00069b60      0x5e4 af_patterns.o
                0x00069da4                get_af_point
                0x00069db4                set_af_point
                0x00069f58                handle_af_patterns
                0x0006a058                play_zoom_center_on_selected_af_point
                0x0006a12c                afp_menu_init
 *fill*         0x0006a144        0xc 
 .text          0x0006a150     0x1984 focus.o
                0x0006a9a8                reset_override_zoom_buttons
                0x0006a9bc                LensFocus
                0x0006a9dc                LensFocus2
                0x0006ab8c                get_follow_focus_mode
                0x0006ab94                get_follow_focus_dir_v
                0x0006abb0                get_follow_focus_dir_h
                0x0006abcc                focus_calc_dof
                0x0006af08                focus_dist_update
                0x0006b08c                is_focus_stack_enabled
                0x0006b0b4                is_rack_focus_enabled
                0x0006b0cc                rack_focus_start_now
                0x0006b0ec                lens_focus_start
                0x0006b10c                lens_focus_enqueue_step
                0x0006b140                lens_focus_stop
                0x0006b154                get_focus_graph
                0x0006b178                can_lv_trap_focus_be_active
                0x0006b180                get_lv_focus_confirmation
                0x0006b188                get_focus_confirmation
                0x0006b194                is_manual_focus
                0x0006b1b4                should_override_zoom_buttons
                0x0006b1f8                is_follow_focus_active
                0x0006b388                focus_stack_run
                0x0006b86c                handle_trap_focus
                0x0006b890                handle_follow_focus_save_restore
                0x0006b958                handle_rack_focus_menu_overrides
                0x0006ba38                handle_follow_focus
 *fill*         0x0006bad4        0xc 
 .text          0x0006bae0      0x1d8 notify_box.o
                0x0006bbf8                NotifyBoxHide
                0x0006bc0c                NotifyBox
 *fill*         0x0006bcb8        0x8 
 .text          0x0006bcc0      0x264 bootflags.o
                0x0006bd00                bootflag_write_bootblock
 *fill*         0x0006bf24        0xc 
 .text          0x0006bf30       0xb4 dialog_test.o
                0x0006bf30                get_current_dialog_handler
                0x0006bf54                canon_gui_disable_front_buffer
                0x0006bf8c                canon_gui_enable_front_buffer
                0x0006bfd8                canon_gui_front_buffer_disabled
 *fill*         0x0006bfe4        0xc 
 .text          0x0006bff0      0x910 vram.o
                0x0006c05c                vram_params_set_dirty
                0x0006c0ac                _update_vram_params
                0x0006c6a4                yuv422_buffer_check
                0x0006c6cc                get_lcd_422_buf
                0x0006c70c                guess_fastrefresh_direction
                0x0006c770                get_fastrefresh_422_buf
                0x0006c7e8                get_yuv422_vram
                0x0006c88c                get_yuv422_hd_vram
                0x0006c8d0                vram_clear_lv
 .text          0x0006c900      0x4b4 greenscreen.o
                0x0006c900                green_screen_step
 *fill*         0x0006cdb4        0xc 
 .text          0x0006cdc0     0x2348 fps-engio.o
                0x0006d808                EngDrvOutLV
                0x0006dbfc                fps_should_record_wav
                0x0006dc04                get_current_tg_freq
                0x0006de6c                get_max_shutter_timer
                0x0006dea0                get_shutter_speed_us_from_timer
                0x0006dedc                fps_get_shutter_speed_shift
                0x0006df90                was_sound_recording_disabled_by_fps_override
                0x0006dfa8                fps_get_current_x1000
                0x0006dfe8                get_current_shutter_reciprocal_x1000
                0x0006ec6c                fps_mvr_log
                0x0006ecd4                handle_fps_events
                0x0006edac                fps_get_iso_correction_evx8
                0x0006ee70                fps_expo_iso_step
                0x0006f0bc                get_frame_iso
                0x0006f0cc                set_frame_iso
                0x0006f0e0                can_set_frame_iso
                0x0006f0e8                get_frame_shutter_timer
                0x0006f0f8                set_frame_shutter_timer
                0x0006f0fc                set_frame_shutter
                0x0006f100                can_set_frame_shutter_timer
 *fill*         0x0006f108        0x8 
 .text          0x0006f110     0x8f98 shoot.o
                0x0006f1bc                is_native_iso
                0x0006f214                kelvin_n_gm_auto
                0x0006f808                iso_toggle
                0x0006f98c                shutter_toggle
                0x0006fa50                kelvin_toggle
                0x0007100c                aperture_toggle
                0x00071810                display_idle
                0x00071894                uniwb_is_active
                0x00071b5c                is_hdr_bracketing_enabled
                0x00071df0                is_intervalometer_running
                0x00071e00                get_interval_count
                0x00071e10                get_interval_time
                0x00071e20                set_interval_time
                0x00071e30                format_time_hours_minutes_seconds
                0x00071f24                get_bulb_shutter_raw_equiv
                0x00071f40                get_seconds_clock
                0x00071f50                get_ms_clock_value
                0x00071f68                get_us_clock_value
                0x00071f80                get_ms_clock_value_fast
                0x00071f90                should_run_polling_action
                0x00071fbc                get_trap_focus
                0x00071fcc                set_flash_firing
                0x0007200c                get_afframe_pos
                0x00072090                get_afframe_sensor_res
                0x000720b8                set_lv_zoom
                0x00072170                get_mlu_delay
                0x0007220c                focus_box_get_raw_crop_offset
                0x00072378                center_lv_afframe
                0x0007238c                move_lv_afframe
                0x00072510                center_lv_afframe_do
                0x00072b64                handle_lv_afframe_workaround
                0x00072bf8                next_image_in_play_mode
                0x00072c78                expfuse_preview_update_task
                0x00072df4                playback_compare_images
                0x00072e20                expfuse_preview_update
                0x00072e4c                expo_adjust_playback
                0x000730a4                ensure_movie_mode
                0x000730e8                ensure_photo_mode
                0x00073120                is_lowgain_iso
                0x0007316c                is_round_iso
                0x000731b8                get_picstyle_name
                0x0007369c                get_picstyle_shortname
                0x000737a8                mvr_rec_start_shoot
                0x000737ac                zoom_focus_ring_trigger
                0x0007382c                zoom_focus_ring_engage
                0x000738d0                handle_zoom_x5_x10
                0x00073990                zoom_sharpen_step
                0x00073afc                is_bulb_mode
                0x00073b44                handle_mlu_handheld
                0x000744d0                ensure_bulb_mode
                0x00074564                set_drive_single
                0x00074590                bulb_take_pic
                0x000749a4                expo_lock_update_value
                0x000749bc                handle_expo_preset
                0x00074b8c                hdr_flag_picture_was_taken
                0x00074ba0                hdr_script_get_first_file_number
                0x00074bdc                hdr_create_script
                0x00074fd4                interval_create_script
                0x0007524c                take_a_pic
                0x0007566c                movie_start
                0x00075740                movie_end
                0x0007582c                schedule_remote_shot
                0x00075840                schedule_movie_start
                0x00075854                schedule_movie_end
                0x00075868                exit_play_qr_mode
                0x00075904                enter_play_mode
                0x000759a0                playback_compare_images_task
                0x00075ce8                hdr_shot
                0x00076100                display_trap_focus_info
                0x000762bc                display_shooting_info_lv
                0x0007639c                intervalometer_stop
                0x00076408                handle_intervalometer
                0x00076450                wait_till_next_second
                0x0007647c                is_continuous_drive
                0x00076498                take_fast_pictures
                0x000765b4                remote_shot
                0x00078088                shoot_task_redraw
                0x000780a4                iso_refresh_display
 *fill*         0x000780a8        0x8 
 .text          0x000780b0      0x524 hdr.o
                0x00078150                hdr_video_enabled
                0x00078170                hdr_get_iso_range
                0x000781a4                hdr_step
                0x000782f4                hdr_kill_flicker
                0x000782fc                get_effective_hdr_iso_for_display
                0x00078510                hdr_mvr_log
 *fill*         0x000785d4        0xc 
 .text          0x000785e0      0xd64 lv-img-engio.o
                0x00078b9c                get_digic_iso_gain_movie
                0x00078bb4                get_digic_iso_gain_photo
                0x00078bcc                set_display_gain_equiv
                0x00078bf8                set_movie_digital_iso_gain
                0x00078c10                set_movie_digital_iso_gain_for_gradual_expo
                0x00078c20                set_photo_digital_iso_gain_for_bv
                0x00078c30                gain_to_ev_scaled
                0x00078c70                digic_iso_print_movie
                0x00078d30                display_gain_print
                0x00078d80                digic_iso_or_gain_toggle
                0x00078e18                digic_iso_toggle_movie
                0x00078e24                digic_iso_toggle
                0x00078e54                display_gain_toggle
                0x00078e60                vignetting_correction_apply_regs
                0x00078f20                image_effects_step
                0x00079110                digic_iso_step
 *fill*         0x00079344        0xc 
 .text          0x00079350      0x1f8 state-object.o
                0x000794ac                wait_lv_frames
 *fill*         0x00079548        0x8 
 .text          0x00079550      0x6dc tasks.o
                0x00079594                get_current_task_name
                0x00079614                get_task_name_from_id
                0x00079668                task_update_loads
                0x000798ac                tasks_toggle_flags
                0x000798c0                tasks_print
 *fill*         0x00079c2c        0x4 
 .text          0x00079c30       0x7c vsync-lite.o
                0x00079c54                lv_vsync_signal
                0x00079c68                lv_vsync
 *fill*         0x00079cac        0x4 
 .text          0x00079cb0      0x618 tskmon.o
                0x00079cec                tskmon_trace_thread
                0x0007a004                tskmon_update_loads
                0x0007a168                tskmon_stack_check
                0x0007a184                tskmon_stack_check_all
                0x0007a1a8                tskmon_stack_get_max
                0x0007a1cc                tskmon_task_dispatch
                0x0007a250                tskmon_init
                0x0007a298                tskmon_trace
 *fill*         0x0007a2c8        0x8 
 .text          0x0007a2d0        0x0 battery.o
 .text          0x0007a2d0      0x7cc imgconv.o
                0x0007a3a4                precompute_yuv2rgb
                0x0007a44c                yuv2rgb
                0x0007a4d0                rgb2yuv422_rec709
                0x0007a598                rgb2yuv422_rec601
                0x0007a670                rgb2yuv422
                0x0007a674                uyvy_split
                0x0007a6a4                yuv_resize
                0x0007a758                yuv_halfcopy
                0x0007a7ec                yuv411_to_422
                0x0007a850                yuv411_to_rgb
                0x0007a978                yuvcpy_main
                0x0007a9e4                little_cleanup
                0x0007aa68                yuv422_get_pixel
 *fill*         0x0007aa9c        0x4 
 .text          0x0007aaa0     0x1a18 histogram.o
                0x0007b090                hist_build_raw
                0x0007b4c0                raw_histo_update
                0x0007b57c                hist_draw_image
                0x0007bd34                hist_print
                0x0007be48                hist_warn_display
                0x0007bec4                raw_hist_get_percentile_levels
                0x0007c358                raw_hist_get_percentile_level
                0x0007c384                raw_hist_get_overexposure_percentage
 *fill*         0x0007c4b8        0x8 
 .text          0x0007c4c0      0x3d8 falsecolor.o
                0x0007c4c0                falsecolor_value_ex
                0x0007c4d4                falsecolor_value
                0x0007c4f4                falsecolor_fordraw
                0x0007c520                draw_false_downsampled
                0x0007c724                falsecolor_palette_name
                0x0007c7b0                falsecolor_palette_preview
                0x0007c818                falsecolor_display
                0x0007c84c                falsecolor_display_palette
 *fill*         0x0007c898        0x8 
 .text          0x0007c8a0     0x849c zebra.o
                0x0007dc70                get_y_skip_offset_for_overlays
                0x0007dd38                get_y_skip_offset_for_histogram
                0x0007dd94                lv_luma_is_accurate
                0x0007e008                digic_zoom_overlay_enabled
                0x0007e010                focus_peaking_as_display_filter
                0x0007e018                histogram_or_small_waveform_enabled
                0x0007e098                get_bvram_mirror
                0x0007ec48                crop_set_dirty
                0x0007eca0                set_movie_cropmarks
                0x0007ed38                reset_movie_cropmarks
                0x0007ed50                get_global_draw
                0x0007eeac                get_zoom_overlay_trigger_mode
                0x0007eedc                get_zoom_overlay_trigger_by_focus_ring
                0x0007f5a0                cropmark_clear_cache
                0x000803c8                get_global_draw_setting
                0x000803d8                zebra_highlight_raw_advanced
                0x00080774                get_under_and_over_exposure
                0x000808f4                bvram_mirror_init
                0x0008096c                get_spot_yuv_ex
                0x00080b50                get_spot_yuv
                0x00080b7c                get_spot_motion
                0x00080e40                get_spot_focus
                0x00080f5c                spotmeter_erase
                0x0008195c                handle_zoom_overlay
                0x00081a60                zoom_overlay_disable
                0x00081a78                zoom_overlay_set_countdown
                0x00081a88                digic_zoom_overlay_step
                0x00081a8c                liveview_display_idle
                0x00081b60                zebra_should_run
                0x00081bf8                should_draw_zoom_overlay
                0x00081d30                nondigic_zoom_overlay_enabled
                0x000824b4                should_draw_bottom_graphs
                0x00082510                draw_histogram_and_waveform
                0x00083038                redraw
                0x000830bc                handle_transparent_overlay
                0x000835d8                lens_display_set_dirty
                0x00083600                _redraw_do
                0x000836dc                is_focus_peaking_enabled
                0x00083758                update_disp_mode_bits_from_params
                0x0008497c                update_disp_mode_params_from_bits
                0x00084a64                get_disp_mode
                0x00084a74                toggle_disp_mode
                0x00084b58                handle_disp_preset_key
                0x00084c10                handle_overlays_playback
                0x00084c9c                peaking_benchmark
 *fill*         0x00084d3c        0x4 
 .text          0x00084d40      0x604 vectorscope.o
                0x00084ee0                vectorscope_addpixel
                0x0008500c                vectorscope_should_draw
                0x0008501c                vectorscope_request_draw
                0x0008502c                vectorscope_start
                0x00085068                vectorscope_redraw
 *fill*         0x00085344        0xc 
 .text          0x00085350       0x1c beep.o
                0x00085350                unsafe_beep
                0x00085354                beep
                0x00085358                Beep
                0x0008535c                beep_times
                0x00085360                WAV_StartRecord
                0x00085364                WAV_StopRecord
                0x00085368                beep_custom
 *fill*         0x0008536c        0x4 
 .text          0x00085370        0x0 crop-mode-hack.o
 .text          0x00085370       0x24 ph_info_disp.o
                0x00085370                display_shooting_info
 *fill*         0x00085394        0xc 
 .text          0x000853a0        0x0 flexinfo.o
 .text          0x000853a0      0x3f0 screenshot.o
                0x000853a0                take_screenshot
 .text          0x00085790      0x1c4 fileprefix.o
                0x000857c4                get_file_prefix
                0x000857d0                file_prefix_set
                0x000858c4                file_prefix_reset
 *fill*         0x00085954        0xc 
 .text          0x00085960      0xc38 lvinfo.o
                0x000862d8                lvinfo_add_items
                0x00086360                lvinfo_add_item
                0x00086368                lvinfo_display
 .text          0x00086598      0x320 builtin-enforcing.o
                0x00086598                unused_dummy_func
 *fill*         0x000868b8        0x8 
 .text          0x000868c0      0xdd0 powersave.o
                0x000868e8                idle_globaldraw_dis
                0x00086900                idle_globaldraw_en
                0x00086a5c                idle_kill_flicker
                0x00086c1c                powersave_prolong
                0x00086c44                powersave_prohibit
                0x00086c6c                powersave_permit
                0x00086c94                PauseLiveView
                0x00086da8                display_on
                0x00086db0                display_off
                0x00086e98                idle_led_blink_step
                0x00086f50                idle_is_powersave_enabled
                0x00086f88                idle_is_powersave_enabled_on_info_disp_key
                0x00086fb0                idle_is_powersave_active
                0x00087018                idle_force_powersave_in_1s
                0x00087054                idle_force_powersave_now
                0x00087090                handle_powersave_key
                0x00087128                idle_wakeup_reset_counters
                0x0008719c                ResumeLiveView
                0x000873cc                idle_powersave_step
 .text          0x00087690      0x620 ml-cbr.o
                0x00087768                ml_register_cbr
                0x00087940                ml_unregister_cbr
                0x00087a24                ml_notify_cbr
                0x00087ae4                debug_cbr_tree
                0x00087b74                _ml_cbr_init
 .text          0x00087cb0     0x2a48 raw.o
                0x00087cd4                raw_red_pixel
                0x00087d14                raw_green_pixel
                0x00087d58                raw_blue_pixel
                0x00087da0                raw_red_pixel_dark
                0x00087e08                raw_green_pixel_dark
                0x00087e78                raw_blue_pixel_dark
                0x00087eec                raw_red_pixel_bright
                0x00087f54                raw_green_pixel_bright
                0x00087fc4                raw_blue_pixel_bright
                0x00088abc                raw_set_dirty
                0x00088ad0                raw_set_preview_rect
                0x00088bb8                raw_set_geometry
                0x00088cfc                raw_get_pixel
                0x000890b4                raw_get_pixel_ex
                0x000891c8                raw_set_pixel
                0x00089378                raw_get_gray_pixel
                0x00089588                raw_to_ev
                0x00089690                ev_to_raw
                0x000896f4                raw_lv_redirect_edmac
                0x00089708                raw_lv_settings_still_valid
                0x00089770                raw_preview_fast_ex
                0x00089830                raw_preview_fast
                0x00089884                raw_lv_is_enabled
                0x00089894                raw_force_aspect_ratio_1to1
                0x00089970                get_dxo_dynamic_range
                0x00089a0c                can_use_raw_overlays_photo
                0x0008a320                raw_update_params
                0x0008a480                raw_lv_request
                0x0008a50c                raw_lv_release
                0x0008a56c                can_use_raw_overlays
                0x0008a5fc                can_use_raw_overlays_menu
                0x0008a67c                menu_set_warning_raw
                0x0008a6d0                menu_checkdep_raw
 *fill*         0x0008a6f8        0x8 
 .text          0x0008a700     0x1380 chdk-dng.o
                0x0008b47c                reverse_bytes_order
                0x0008b544                dng_set_thumbnail_size
                0x0008b558                dng_set_camname
                0x0008b56c                dng_set_camserial
                0x0008b580                dng_set_description
                0x0008b594                dng_set_lensmodel
                0x0008b5a8                dng_set_focal
                0x0008b5bc                dng_set_aperture
                0x0008b5d0                dng_set_shutter
                0x0008b5e4                dng_set_framerate
                0x0008b5fc                dng_set_framerate_rational
                0x0008b610                dng_set_iso
                0x0008b620                dng_set_wbgain
                0x0008b64c                dng_set_datetime
                0x0008b680                save_dng
 .text          0x0008ba80      0x720 edmac-memcpy.o
                0x0008bb74                edmac_memcpy_res_lock
                0x0008bbac                edmac_memcpy_res_unlock
                0x0008bbbc                edmac_copy_rectangle_cbr_start
                0x0008bdd4                edmac_copy_rectangle_adv_cleanup
                0x0008be24                edmac_copy_rectangle_adv_finish
                0x0008be5c                edmac_copy_rectangle_adv_start
                0x0008bec0                edmac_copy_rectangle_adv
                0x0008bf14                edmac_copy_rectangle
                0x0008bf48                edmac_copy_rectangle_start
                0x0008bf7c                edmac_copy_rectangle_finish
                0x0008bf80                edmac_memset
                0x0008c050                edmac_find_divider
                0x0008c0d8                edmac_memcpy_start
                0x0008c184                edmac_memcpy_finish
                0x0008c188                edmac_memcpy
 .text          0x0008c1a0      0x854 console.o
                0x0008c67c                console_show
                0x0008c690                console_hide
                0x0008c6b8                console_toggle
                0x0008c6d4                console_clear
                0x0008c6f8                console_puts
                0x0008c94c                console_draw_from_menu
                0x0008c968                printf
                0x0008c9d8                puts
 *fill*         0x0008c9f4        0xc 
 .text          0x0008ca00      0x180 tcc-glue.o
                0x0008ca00                _tcc_exit
                0x0008ca24                _tcc_open
                0x0008caec                _tcc_read
                0x0008cb34                _tcc_close
                0x0008cb44                _tcc_lseek
 .text          0x0008cb80     0x4218 ../../tcc/libtccx.o
                0x0008d7cc                tcc_delete
                0x0008dbc4                tcc_add_file
                0x0008dd5c                tcc_add_symbol
                0x0008decc                tcc_new
                0x0008e110                tcc_set_options
                0x0008ef08                tcc_get_symbol
                0x000909a8                tcc_load_offline_section
                0x00090cc8                tcc_relocate
 *fill*         0x00090d98        0x8 
 .text          0x00090da0     0x2690 module.o
                0x00091e04                module_load
                0x00091e9c                module_get_symbol
                0x00091ea8                module_exec
                0x00092054                module_unload
                0x00092064                module_exec_cbr
                0x000920e0                module_translate_key
                0x000924c0                module_send_keypress
                0x000924d8                handle_module_keys
                0x000925a8                module_display_filter_enabled
                0x00092620                module_display_filter_update
                0x000926bc                module_get_string
                0x0009318c                module_get_name
                0x000931a8                module_get_next_loaded
                0x000931f4                module_get_config_var
                0x00093264                module_config_var_lookup
                0x000932c8                module_save_configs
                0x0009336c                module_shutdown
 .text          0x00093430       0x28 misc.o
                0x00093430                sound_recording_enabled_canon
                0x00093438                sound_recording_enabled
                0x00093440                audio_meters_are_drawn
                0x00093448                volume_up
                0x0009344c                volume_down
                0x00093450                out_volume_up
                0x00093454                out_volume_down
 *fill*         0x00093458        0x8 
 .text          0x00093460      0x1a8 afma.o
                0x000934e4                get_afma
                0x0009351c                set_afma
                0x000935ac                set_afma_mode
                0x000935e8                get_afma_mode
                0x000935f8                get_afma_max
                0x00093600                get_config_afma_wide_tele
 .text          0x00093608       0x28 dietlibc.a(strrchr.o)
                0x00093608                strrchr
                0x00093608                rindex
 .text          0x00093630       0x20 dietlibc.a(strncpy.o)
                0x00093630                strncpy
 .text          0x00093650       0x1c dietlibc.a(strlen.o)
                0x00093650                strlen
 .text          0x0009366c       0x38 dietlibc.a(strncmp.o)
                0x0009366c                strncmp
 .text          0x000936a4       0x1c dietlibc.a(strcpy.o)
                0x000936a4                strcpy
 .text          0x000936c0       0x30 dietlibc.a(strcmp.o)
                0x000936c0                strcoll
                0x000936c0                strcmp
 .text          0x000936f0       0x44 dietlibc.a(strcasecmp.o)
                0x000936f0                strcasecmp
 .text          0x00093734      0x208 dietlibc.a(strtoull.o)
                0x00093734                strtoumax
                0x00093734                strtoull
                0x00093734                strtouq
 .text          0x0009393c      0x19c dietlibc.a(strtoul.o)
                0x0009393c                strtoul
 .text          0x00093ad8       0x2c dietlibc.a(strchr.o)
                0x00093ad8                index
                0x00093ad8                strchr
 .text          0x00093b04       0x8c dietlibc.a(strstr.o)
                0x00093b04                strstr
 .text          0x00093b90       0x38 dietlibc.a(memcmp.o)
                0x00093b90                bcmp
                0x00093b90                memcmp
 .text          0x00093bc8       0x68 dietlibc.a(memmove.o)
                0x00093bc8                memmove
 .text          0x00093c30       0x7c dietlibc.a(atol.o)
                0x00093c30                atol
                0x00093c30                atoi
 .text          0x00093cac        0x0 dietlibc.a(errno.o)
 .text          0x00093cac       0x2c newlib-libc.a(lib_a-setjmp.o)
                0x00093cac                setjmp
                0x00093cc0                longjmp
 .text          0x00093cd8      0x168 newlib-libc.a(lib_a-memcpy-stub.o)
                0x00093cd8                memcpy
 .text          0x00093e40       0xac newlib-libc.a(lib_a-memccpy.o)
                0x00093e40                memccpy
 .text          0x00093eec      0x188 newlib-libc.a(lib_a-memset.o)
                0x00093eec                memset
 .text          0x00094074       0xd0 newlib-libm.a(lib_a-sf_ceil.o)
                0x00094074                ceilf
 .text          0x00094144       0xa4 newlib-libm.a(lib_a-sf_cos.o)
                0x00094144                cosf
 .text          0x000941e8       0x88 newlib-libm.a(lib_a-sf_frexp.o)
                0x000941e8                frexpf
 .text          0x00094270       0x1c newlib-libm.a(lib_a-sf_log2.o)
                0x00094270                log2f
 .text          0x0009428c       0x7c newlib-libm.a(lib_a-sf_round.o)
                0x0009428c                roundf
 .text          0x00094308       0xbc newlib-libm.a(lib_a-sf_sin.o)
                0x00094308                sinf
 .text          0x000943c4       0x74 newlib-libm.a(lib_a-sf_tan.o)
                0x000943c4                tanf
 .text          0x00094438      0x10c newlib-libm.a(lib_a-wf_acos.o)
                0x00094438                acosf
 .text          0x00094544      0x10c newlib-libm.a(lib_a-wf_asin.o)
                0x00094544                asinf
 .text          0x00094650       0x10 newlib-libm.a(lib_a-wf_atan2.o)
                0x00094650                atan2f
 .text          0x00094660      0x178 newlib-libm.a(lib_a-wf_exp.o)
                0x00094660                expf
 .text          0x000947d8      0x13c newlib-libm.a(lib_a-wf_fmod.o)
                0x000947d8                fmodf
 .text          0x00094914      0x164 newlib-libm.a(lib_a-wf_log10.o)
                0x00094914                log10f
 .text          0x00094a78      0x164 newlib-libm.a(lib_a-wf_log.o)
                0x00094a78                logf
 .text          0x00094bdc      0x504 newlib-libm.a(lib_a-wf_pow.o)
                0x00094bdc                powf
 .text          0x000950e0      0x11c newlib-libm.a(lib_a-wf_sqrt.o)
                0x000950e0                sqrtf
 .text          0x000951fc      0x3bc newlib-libm.a(lib_a-ef_acos.o)
                0x000951fc                __ieee754_acosf
 .text          0x000955b8      0x38c newlib-libm.a(lib_a-ef_asin.o)
                0x000955b8                __ieee754_asinf
 .text          0x00095944      0x1b4 newlib-libm.a(lib_a-ef_atan2.o)
                0x00095944                __ieee754_atan2f
 .text          0x00095af8      0x2b4 newlib-libm.a(lib_a-ef_exp.o)
                0x00095af8                __ieee754_expf
 .text          0x00095dac      0x18c newlib-libm.a(lib_a-ef_fmod.o)
                0x00095dac                __ieee754_fmodf
 .text          0x00095f38       0xf8 newlib-libm.a(lib_a-ef_log10.o)
                0x00095f38                __ieee754_log10f
 .text          0x00096030      0x3b8 newlib-libm.a(lib_a-ef_log.o)
                0x00096030                __ieee754_logf
 .text          0x000963e8      0x998 newlib-libm.a(lib_a-ef_pow.o)
                0x000963e8                __ieee754_powf
 .text          0x00096d80      0x454 newlib-libm.a(lib_a-ef_rem_pio2.o)
                0x00096d80                __ieee754_rem_pio2f
 .text          0x000971d4      0x114 newlib-libm.a(lib_a-ef_sqrt.o)
                0x000971d4                __ieee754_sqrtf
 .text          0x000972e8      0x214 newlib-libm.a(lib_a-kf_cos.o)
                0x000972e8                __kernel_cosf
 .text          0x000974fc      0x950 newlib-libm.a(lib_a-kf_rem_pio2.o)
                0x000974fc                __kernel_rem_pio2f
 .text          0x00097e4c      0x14c newlib-libm.a(lib_a-kf_sin.o)
                0x00097e4c                __kernel_sinf
 .text          0x00097f98      0x360 newlib-libm.a(lib_a-kf_tan.o)
                0x00097f98                __kernel_tanf
 .text          0x000982f8      0x2fc newlib-libm.a(lib_a-sf_atan.o)
                0x000982f8                atanf
 .text          0x000985f4        0x8 newlib-libm.a(lib_a-sf_fabs.o)
                0x000985f4                fabsf
 .text          0x000985fc       0x1c newlib-libm.a(lib_a-sf_finite.o)
                0x000985fc                finitef
 .text          0x00098618       0xd4 newlib-libm.a(lib_a-sf_floor.o)
                0x00098618                floorf
 .text          0x000986ec       0x6c newlib-libm.a(lib_a-sf_fpclassify.o)
                0x000986ec                __fpclassifyf
 .text          0x00098758        0xc newlib-libm.a(lib_a-sf_nan.o)
                0x00098758                nanf
 .text          0x00098764      0x11c newlib-libm.a(lib_a-sf_scalbn.o)
                0x00098764                scalbnf
 .text          0x00098880        0x0 newlib-libm.a(lib_a-s_lib_ver.o)
 .text          0x00098880        0x8 newlib-libm.a(lib_a-s_matherr.o)
                0x00098880                matherr
 .text          0x00098888       0x10 newlib-libm.a(lib_a-s_nan.o)
                0x00098888                nan
 .text          0x00098898      0x1a0 newlib-libm.a(lib_a-s_rint.o)
                0x00098898                rint
 .text          0x00098a38       0x10 newlib-libm.a(lib_a-sf_copysign.o)
                0x00098a38                copysignf
 .text          0x00098a48      0x114 gcc-libgcc.a(_udivsi3.o)
                0x00098a48                __udivsi3
                0x00098a48                __aeabi_uidiv
                0x00098b3c                __aeabi_uidivmod
 .text          0x00098b5c      0x148 gcc-libgcc.a(_divsi3.o)
                0x00098b5c                __aeabi_idiv
                0x00098b5c                __divsi3
                0x00098c84                __aeabi_idivmod
 .text          0x00098ca4        0x4 gcc-libgcc.a(_dvmd_tls.o)
                0x00098ca4                __aeabi_ldiv0
                0x00098ca4                __aeabi_idiv0
 .text          0x00098ca8      0x41c gcc-libgcc.a(_arm_addsubdf3.o)
                0x00098ca8                __aeabi_drsub
                0x00098cb0                __aeabi_dsub
                0x00098cb0                __subdf3
                0x00098cb4                __adddf3
                0x00098cb4                __aeabi_dadd
                0x00098fc4                __aeabi_ui2d
                0x00098fc4                __floatunsidf
                0x00098fe8                __floatsidf
                0x00098fe8                __aeabi_i2d
                0x00099010                __extendsfdf2
                0x00099010                __aeabi_f2d
                0x00099050                __aeabi_ul2d
                0x00099050                __floatundidf
                0x00099064                __floatdidf
                0x00099064                __aeabi_l2d
 .text          0x000990c4      0x49c gcc-libgcc.a(_arm_muldivdf3.o)
                0x000990c4                __aeabi_dmul
                0x000990c4                __muldf3
                0x00099354                __aeabi_ddiv
                0x00099354                __divdf3
 .text          0x00099560      0x144 gcc-libgcc.a(_arm_cmpdf2.o)
                0x00099560                __gtdf2
                0x00099560                __gedf2
                0x00099568                __ltdf2
                0x00099568                __ledf2
                0x00099570                __cmpdf2
                0x00099570                __eqdf2
                0x00099570                __nedf2
                0x000995f8                __aeabi_cdrcmple
                0x00099614                __aeabi_cdcmple
                0x00099614                __aeabi_cdcmpeq
                0x0009962c                __aeabi_dcmpeq
                0x00099644                __aeabi_dcmplt
                0x0009965c                __aeabi_dcmple
                0x00099674                __aeabi_dcmpge
                0x0009968c                __aeabi_dcmpgt
 .text          0x000996a4       0x5c gcc-libgcc.a(_arm_fixdfsi.o)
                0x000996a4                __fixdfsi
                0x000996a4                __aeabi_d2iz
 .text          0x00099700       0xa0 gcc-libgcc.a(_arm_truncdfsf2.o)
                0x00099700                __aeabi_d2f
                0x00099700                __truncdfsf2
 .text          0x000997a0      0x2ac gcc-libgcc.a(_arm_addsubsf3.o)
                0x000997a0                __aeabi_frsub
                0x000997a8                __subsf3
                0x000997a8                __aeabi_fsub
                0x000997ac                __aeabi_fadd
                0x000997ac                __addsf3
                0x00099968                __aeabi_ui2f
                0x00099968                __floatunsisf
                0x00099970                __aeabi_i2f
                0x00099970                __floatsisf
                0x00099990                __floatundisf
                0x00099990                __aeabi_ul2f
                0x000999a0                __floatdisf
                0x000999a0                __aeabi_l2f
 .text          0x00099a4c      0x2f8 gcc-libgcc.a(_arm_muldivsf3.o)
                0x00099a4c                __mulsf3
                0x00099a4c                __aeabi_fmul
                0x00099be4                __divsf3
                0x00099be4                __aeabi_fdiv
 .text          0x00099d44      0x114 gcc-libgcc.a(_arm_cmpsf2.o)
                0x00099d44                __gtsf2
                0x00099d44                __gesf2
                0x00099d4c                __lesf2
                0x00099d4c                __ltsf2
                0x00099d54                __nesf2
                0x00099d54                __eqsf2
                0x00099d54                __cmpsf2
                0x00099db8                __aeabi_cfrcmple
                0x00099dc8                __aeabi_cfcmple
                0x00099dc8                __aeabi_cfcmpeq
                0x00099de0                __aeabi_fcmpeq
                0x00099df8                __aeabi_fcmplt
                0x00099e10                __aeabi_fcmple
                0x00099e28                __aeabi_fcmpge
                0x00099e40                __aeabi_fcmpgt
 .text          0x00099e58       0x5c gcc-libgcc.a(_arm_fixsfsi.o)
                0x00099e58                __fixsfsi
                0x00099e58                __aeabi_f2iz
 .text          0x00099eb4       0x54 gcc-libgcc.a(_arm_fixunssfsi.o)
                0x00099eb4                __aeabi_f2uiz
                0x00099eb4                __fixunssfsi
 .text          0x00099f08       0xd4 gcc-libgcc.a(_aeabi_ldivmod.o)
                0x00099f08                __aeabi_ldivmod
 .text          0x00099fdc       0x3c gcc-libgcc.a(_aeabi_uldivmod.o)
                0x00099fdc                __aeabi_uldivmod
 .text          0x0009a018       0x44 gcc-libgcc.a(_popcountsi2.o)
                0x0009a018                __popcountsi2
 .text          0x0009a05c       0x40 gcc-libgcc.a(_fixsfdi.o)
                0x0009a05c                __aeabi_f2lz
                0x0009a05c                __fixsfdi
 .text          0x0009a09c       0x70 gcc-libgcc.a(_fixunssfdi.o)
                0x0009a09c                __aeabi_f2ulz
                0x0009a09c                __fixunssfdi
 .text          0x0009a10c      0x12c gcc-libgcc.a(_udivmoddi4.o)
                0x0009a10c                __udivmoddi4
 .text          0x0009a238       0x54 gcc-libgcc.a(_arm_fixunsdfsi.o)
                0x0009a238                __fixunsdfsi
                0x0009a238                __aeabi_d2uiz
 .text          0x0009a28c       0x28 gcc-libgcc.a(_clzdi2.o)
                0x0009a28c                __clzdi2
 .text          0x0009a2b4       0x48 gcc-libgcc.a(_clzsi2.o)
                0x0009a2b4                __clzsi2
                0x0009a2fc                _text_end = .
                0x0009a300                . = ALIGN (0x40)
 *fill*         0x0009a2fc        0x4 
                0x0009a300                _rodata_start = .
 *(.rodata)
 .rodata        0x0009a300       0x5d version.o
                0x0009a300                build_user
                0x0009a317                build_date
                0x0009a32f                build_id
                0x0009a344                build_version
 .rodata        0x0009a35d       0x35 fio-ml.o
 *fill*         0x0009a392        0x2 
 .rodata        0x0009a394       0x44 mem.o
 .rodata        0x0009a3d8      0xd38 ico.o
                0x0009a3d8                menu_icons_body
 .rodata        0x0009b110      0x14c edmac.o
 .rodata        0x0009b25c       0x89 menu.o
 .rodata        0x0009b2e5        0xc debug.o
 .rodata        0x0009b2f1        0xb util.o
 .rodata        0x0009b2fc       0xab exmem.o
 .rodata        0x0009b3a7       0x51 bmp.o
 .rodata        0x0009b3f8       0x24 config.o
 .rodata        0x0009b41c       0xcc tweaks.o
 .rodata        0x0009b4e8      0x386 lens.o
 .rodata        0x0009b86e       0x14 property.o
 .rodata        0x0009b882       0x24 movtweaks.o
 *fill*         0x0009b8a6        0x2 
 .rodata        0x0009b8a8       0xe8 fps-engio.o
 .rodata        0x0009b990      0x68c shoot.o
 .rodata        0x0009c01c       0x44 lv-img-engio.o
 .rodata        0x0009c060       0x13 state-object.o
 .rodata        0x0009c073       0x23 tasks.o
 .rodata        0x0009c096        0x8 histogram.o
 *fill*         0x0009c09e        0x2 
 .rodata        0x0009c0a0       0xa0 zebra.o
 .rodata        0x0009c140       0x58 powersave.o
 .rodata        0x0009c198       0x63 ml-cbr.o
 *fill*         0x0009c1fb        0x1 
 .rodata        0x0009c1fc       0x3e raw.o
 *fill*         0x0009c23a        0x2 
 .rodata        0x0009c23c      0x11c chdk-dng.o
 .rodata        0x0009c358       0x31 edmac-memcpy.o
 *fill*         0x0009c389        0x3 
 .rodata        0x0009c38c      0x1b8 ../../tcc/libtccx.o
 .rodata        0x0009c544       0x18 afma.o
 .rodata        0x0009c55c       0x18 newlib-libm.a(lib_a-ef_exp.o)
 .rodata        0x0009c574        0x8 newlib-libm.a(lib_a-ef_fmod.o)
 .rodata        0x0009c57c       0x18 newlib-libm.a(lib_a-ef_pow.o)
 .rodata        0x0009c594      0x398 newlib-libm.a(lib_a-ef_rem_pio2.o)
 .rodata        0x0009c92c       0x38 newlib-libm.a(lib_a-kf_rem_pio2.o)
 .rodata        0x0009c964       0x20 newlib-libm.a(lib_a-sf_atan.o)
 *fill*         0x0009c984        0x4 
 .rodata        0x0009c988       0x10 newlib-libm.a(lib_a-s_rint.o)
                0x0009c998                _rodata_end = .
                0x0009c998                _data_start = .

.rodata.str1.1  0x0009c998     0xc16a
 .rodata.str1.1
                0x0009c998       0x46 backtrace.o
 .rodata.str1.1
                0x0009c9de       0xd0 boot-hack.o
                                 0xd3 (size before relaxing)
 .rodata.str1.1
                0x0009caae      0x12d fio-ml.o
                                0x135 (size before relaxing)
 .rodata.str1.1
                0x0009cbdb      0x549 mem.o
                                0x5a8 (size before relaxing)
 .rodata.str1.1
                0x0009d124       0x12 edmac.o
 .rodata.str1.1
                0x0009d124      0x88b menu.o
                                0x90e (size before relaxing)
 .rodata.str1.1
                0x0009d9af      0x943 debug.o
                                0x9cb (size before relaxing)
 .rodata.str1.1
                0x0009e2f2       0x12 posix.o
 .rodata.str1.1
                0x0009e304       0x16 util.o
 .rodata.str1.1
                0x0009e31a       0x12 electronic_level.o
 .rodata.str1.1
                0x0009e31a       0x28 picstyle-noauto.o
 .rodata.str1.1
                0x0009e342      0x130 exmem.o
                                0x137 (size before relaxing)
 .rodata.str1.1
                0x0009e472       0x7f bmp.o
                                 0x88 (size before relaxing)
 .rodata.str1.1
                0x0009e4f1       0x78 rbf_font.o
 .rodata.str1.1
                0x0009e569      0x4e2 config.o
                                0x52c (size before relaxing)
 .rodata.str1.1
                0x0009ea4b       0x2b stdio.o
 .rodata.str1.1
                0x0009ea76      0x4f7 bitrate.o
                                0x517 (size before relaxing)
 .rodata.str1.1
                0x0009ef6d     0x14e1 tweaks.o
                               0x1570 (size before relaxing)
 .rodata.str1.1
                0x000a044e      0x8cf lens.o
                                0x9da (size before relaxing)
 .rodata.str1.1
                0x000a0d1d       0x70 property.o
 .rodata.str1.1
                0x000a0d8d       0xd2 propvalues.o
                                 0xdf (size before relaxing)
 .rodata.str1.1
                0x000a0e5f       0x1f gui-common.o
                                 0x24 (size before relaxing)
 .rodata.str1.1
                0x000a0e7e      0x73e movtweaks.o
                                0x774 (size before relaxing)
 .rodata.str1.1
                0x000a15bc      0x2f3 menuhelp.o
                                0x352 (size before relaxing)
 .rodata.str1.1
                0x000a18af      0x127 menuindex.o
                                0x12c (size before relaxing)
 .rodata.str1.1
                0x000a19d6      0x18d af_patterns.o
                                0x193 (size before relaxing)
 .rodata.str1.1
                0x000a1b63      0xb43 focus.o
                                0xb55 (size before relaxing)
 .rodata.str1.1
                0x000a26a6       0x42 notify_box.o
 .rodata.str1.1
                0x000a26e8       0x52 bootflags.o
 .rodata.str1.1
                0x000a273a       0x49 vram.o
 .rodata.str1.1
                0x000a2783       0x4b greenscreen.o
 .rodata.str1.1
                0x000a27ce      0x86d fps-engio.o
                                0x89c (size before relaxing)
 .rodata.str1.1
                0x000a303b     0x28eb shoot.o
                               0x2abc (size before relaxing)
 .rodata.str1.1
                0x000a5926      0x110 hdr.o
                                0x123 (size before relaxing)
 .rodata.str1.1
                0x000a5a36      0x46e lv-img-engio.o
                                0x4d1 (size before relaxing)
 .rodata.str1.1
                0x000a5ea4       0x55 state-object.o
 .rodata.str1.1
                0x000a5ef9       0xbb tasks.o
                                 0xc2 (size before relaxing)
 .rodata.str1.1
                0x000a5fb4        0xf vsync-lite.o
 .rodata.str1.1
                0x000a5fc3       0xa1 tskmon.o
                                 0xb7 (size before relaxing)
 .rodata.str1.1
                0x000a6064      0x174 histogram.o
                                0x196 (size before relaxing)
 .rodata.str1.1
                0x000a61d8       0x64 falsecolor.o
 .rodata.str1.1
                0x000a623c     0x13a2 zebra.o
                               0x1509 (size before relaxing)
 .rodata.str1.1
                0x000a75de       0xc3 vectorscope.o
                                 0xde (size before relaxing)
 .rodata.str1.1
                0x000a76a1       0x32 screenshot.o
                                 0x35 (size before relaxing)
 .rodata.str1.1
                0x000a76d3        0x3 fileprefix.o
 .rodata.str1.1
                0x000a76d3       0x12 lvinfo.o
                                 0x15 (size before relaxing)
 .rodata.str1.1
                0x000a76e5      0x2e8 powersave.o
                                0x2fb (size before relaxing)
 .rodata.str1.1
                0x000a79cd       0xbb ml-cbr.o
                                 0xc7 (size before relaxing)
 .rodata.str1.1
                0x000a7a88      0x177 raw.o
                                0x198 (size before relaxing)
 .rodata.str1.1
                0x000a7bff       0x1b chdk-dng.o
                                 0x2b (size before relaxing)
 .rodata.str1.1
                0x000a7c1a      0x116 edmac-memcpy.o
                                0x128 (size before relaxing)
 .rodata.str1.1
                0x000a7d30        0xd console.o
                                 0x12 (size before relaxing)
 .rodata.str1.1
                0x000a7d3d       0x6c tcc-glue.o
 .rodata.str1.1
                0x000a7da9      0x5db ../../tcc/libtccx.o
                                0x652 (size before relaxing)
 .rodata.str1.1
                0x000a8384      0x755 module.o
                                0x815 (size before relaxing)
 .rodata.str1.1
                0x000a8ad9       0x29 afma.o

.rodata.str1.4  0x000a8b04       0x68
 .rodata.str1.4
                0x000a8b04       0x16 histogram.o
 *fill*         0x000a8b1a        0x2 
 .rodata.str1.4
                0x000a8b1c       0x10 raw.o
 .rodata.str1.4
                0x000a8b2c        0x6 newlib-libm.a(lib_a-wf_acos.o)
                                  0xc (size before relaxing)
 *fill*         0x000a8b32        0x2 
 .rodata.str1.4
                0x000a8b34        0x6 newlib-libm.a(lib_a-wf_asin.o)
                                  0xc (size before relaxing)
 *fill*         0x000a8b3a        0x2 
 .rodata.str1.4
                0x000a8b3c        0x5 newlib-libm.a(lib_a-wf_exp.o)
                                  0x8 (size before relaxing)
 *fill*         0x000a8b41        0x3 
 .rodata.str1.4
                0x000a8b44        0x6 newlib-libm.a(lib_a-wf_fmod.o)
                                  0x8 (size before relaxing)
 *fill*         0x000a8b4a        0x2 
 .rodata.str1.4
                0x000a8b4c        0x7 newlib-libm.a(lib_a-wf_log10.o)
                                  0xc (size before relaxing)
 *fill*         0x000a8b53        0x1 
 .rodata.str1.4
                0x000a8b54        0x5 newlib-libm.a(lib_a-wf_log.o)
                                  0xc (size before relaxing)
 *fill*         0x000a8b59        0x3 
 .rodata.str1.4
                0x000a8b5c        0x5 newlib-libm.a(lib_a-wf_pow.o)
                                  0x8 (size before relaxing)
 *fill*         0x000a8b61        0x3 
 .rodata.str1.4
                0x000a8b64        0x8 newlib-libm.a(lib_a-wf_sqrt.o)
 .rodata.str1.4
                0x000a8b6c        0x4 newlib-libm.a(lib_a-ef_pow.o)

.ARM.extab      0x000a8b6c        0x0
 .ARM.extab     0x000a8b6c        0x0 gcc-libgcc.a(_udivmoddi4.o)

.glue_7         0x000a8b6c        0x0
 .glue_7        0x000a8b6c        0x0 linker stubs

.glue_7t        0x000a8b6c        0x0
 .glue_7t       0x000a8b6c        0x0 linker stubs

.vfp11_veneer   0x000a8b6c        0x0
 .vfp11_veneer  0x000a8b6c        0x0 linker stubs

.v4_bx          0x000a8b6c        0x0
 .v4_bx         0x000a8b6c        0x0 linker stubs

.iplt           0x000a8b6c        0x0
 .iplt          0x000a8b6c        0x0 entry.o

.text.unlikely  0x000a8b6c      0x530
 .text.unlikely
                0x000a8b6c      0x19c menu.o
 .text.unlikely
                0x000a8d08      0x1a4 tweaks.o
 .text.unlikely
                0x000a8eac       0xa4 shoot.o
 .text.unlikely
                0x000a8f50      0x14c histogram.o

.data           0x000a90a0     0xb659
                0x000a90a0                . = ALIGN (0x8)
                0x000a90a0                _task_overrides_start = .
 *(.task_overrides)
 .task_overrides
                0x000a90a0        0x8 gui.o
                0x000a90a0                task_mapping_my_gui_main_task
                0x000a90a8                _task_overrides_end = .
                0x000a90a8                . = ALIGN (0x8)
                0x000a90a8                _tasks_start = .
 *(.tasks)
 .tasks         0x000a90a8       0x28 menu.o
                0x000a90a8                task_create_menu_task
                0x000a90bc                task_create_menu_redraw_task
 .tasks         0x000a90d0       0x14 debug.o
                0x000a90d0                task_create_debug_loop_task
 .tasks         0x000a90e4       0x14 bitrate.o
                0x000a90e4                task_create_bitrate_task
 .tasks         0x000a90f8       0x14 tweaks.o
                0x000a90f8                task_create_tweak_task
 .tasks         0x000a910c       0x28 focus.o
                0x000a910c                task_create_focus_misc_task
                0x000a9120                task_create_focus_task
 .tasks         0x000a9134       0x14 notify_box.o
                0x000a9134                task_create_NotifyBox_task
 .tasks         0x000a9148       0x14 fps-engio.o
                0x000a9148                task_create_fps_task
 .tasks         0x000a915c       0x28 shoot.o
                0x000a915c                task_create_shoot_task
                0x000a9170                task_create_seconds_clock_task
 .tasks         0x000a9184       0x14 lv-img-engio.o
                0x000a9184                task_create_vignetting_init
 .tasks         0x000a9198       0x3c zebra.o
                0x000a9198                task_create_livev_lopriority_task
                0x000a91ac                task_create_livev_hipriority_task
                0x000a91c0                task_create_clearscreen_task
 .tasks         0x000a91d4       0x14 console.o
                0x000a91d4                task_create_console_task
 .tasks         0x000a91e8       0x14 module.o
                0x000a91e8                task_create_module_load_task
                0x000a91fc                _tasks_end = .
                0x000a9200                . = ALIGN (0x8)
 *fill*         0x000a91fc        0x4 
                0x000a9200                _init_funcs_start = .
 *(.init_funcs)
 .init_funcs    0x000a9200       0x14 fio-ml.o
                0x000a9200                task_create_fio_init
 .init_funcs    0x000a9214       0x14 mem.o
                0x000a9214                task_create_mem_init
 .init_funcs    0x000a9228       0x14 debug.o
                0x000a9228                task_create_debug_init_func
 .init_funcs    0x000a923c       0x14 exmem.o
                0x000a923c                task_create_exmem_init
 .init_funcs    0x000a9250       0x14 bmp.o
                0x000a9250                task_create_bmp_init
 .init_funcs    0x000a9264       0x14 config.o
                0x000a9264                task_create_config_menu_init
 .init_funcs    0x000a9278       0x14 bitrate.o
                0x000a9278                task_create_bitrate_init
 .init_funcs    0x000a928c       0x14 tweaks.o
                0x000a928c                task_create_tweak_init
 .init_funcs    0x000a92a0       0x28 lens.o
                0x000a92a0                task_create_lens_info_init
                0x000a92b4                task_create_lens_init
 .init_funcs    0x000a92c8       0x14 property.o
                0x000a92c8                task_create_prop_init
 .init_funcs    0x000a92dc       0x14 movtweaks.o
                0x000a92dc                task_create_movtweak_init
 .init_funcs    0x000a92f0       0x14 menuindex.o
                0x000a92f0                task_create_help_menu_init
 .init_funcs    0x000a9304       0x14 focus.o
                0x000a9304                task_create_focus_init
 .init_funcs    0x000a9318       0x14 notify_box.o
                0x000a9318                task_create_dlg_init
 .init_funcs    0x000a932c       0x14 fps-engio.o
                0x000a932c                task_create_fps_init
 .init_funcs    0x000a9340       0x14 shoot.o
                0x000a9340                task_create_shoot_init
 .init_funcs    0x000a9354       0x14 hdr.o
                0x000a9354                task_create_hdr_init
 .init_funcs    0x000a9368       0x14 lv-img-engio.o
                0x000a9368                task_create_lv_img_init
 .init_funcs    0x000a937c       0x14 state-object.o
                0x000a937c                task_create_state_init
 .init_funcs    0x000a9390       0x14 vsync-lite.o
                0x000a9390                task_create_vsync_init
 .init_funcs    0x000a93a4       0x14 histogram.o
                0x000a93a4                task_create_hist_init
 .init_funcs    0x000a93b8       0x14 zebra.o
                0x000a93b8                task_create_zebra_init
 .init_funcs    0x000a93cc       0x14 vectorscope.o
                0x000a93cc                task_create_vectorscope_feature_init
 .init_funcs    0x000a93e0       0x14 lvinfo.o
                0x000a93e0                task_create_lvinfo_init
 .init_funcs    0x000a93f4       0x14 powersave.o
                0x000a93f4                task_create_powersave_init
 .init_funcs    0x000a9408       0x14 raw.o
                0x000a9408                task_create_raw_init
 .init_funcs    0x000a941c       0x14 edmac-memcpy.o
                0x000a941c                task_create_edmac_memcpy_init
 .init_funcs    0x000a9430       0x14 module.o
                0x000a9430                task_create_module_init
                0x000a9444                _init_funcs_end = .
                0x000a9448                . = ALIGN (0x8)
 *fill*         0x000a9444        0x4 
                0x000a9448                _ptp_handlers_start = .
 *(.ptp_handlers)
                0x000a9448                _ptp_handlers_end = .
                0x000a9448                . = ALIGN (0x8)
                0x000a9448                _config_vars_start = .
 *(.config_vars)
 .config_vars   0x000a9448       0x30 fio-ml.o
                0x000a9448                __config_card_force_type
                0x000a9458                __config_card_test_enabled
                0x000a9468                __config_cf_card_workaround
 .config_vars   0x000a9478       0x40 menu.o
                0x000a9478                __config_menu_upside_down
                0x000a9488                __config_beta_warn
                0x000a9498                __config_menu_first_by_icon
                0x000a94a8                __config_junkie_mode
 .config_vars   0x000a94b8       0x10 debug.o
                0x000a94b8                __config_timed_dump
 .config_vars   0x000a94c8       0x70 bitrate.o
                0x000a94c8                __config_buffer_warning_level
                0x000a94d8                __config_cfg_hibr_wav_record
                0x000a94e8                __config_bitrate_indicator
                0x000a94f8                __config_time_indicator
                0x000a9508                __config_bitrate_factor
                0x000a9518                __config_bitrate_mode
                0x000a9528                __config_qscale_neg
 .config_vars   0x000a9538      0x220 tweaks.o
                0x000a9538                __config_kill_canon_gui_mode
                0x000a9548                __config_anamorphic_preview
                0x000a9558                __config_defish_preview
                0x000a9568                __config_lcd_adjust_position
                0x000a9578                __config_bmp_color_scheme
                0x000a9588                __config_preview_peaking
                0x000a9598                __config_preview_crazy
                0x000a95a8                __config_preview_saturation
                0x000a95b8                __config_preview_contrast
                0x000a95c8                __config_preview_brightness
                0x000a95d8                __config_warn_msg
                0x000a95e8                __config_warn_mf
                0x000a95f8                __config_warn_wb
                0x000a9608                __config_warn_alo
                0x000a9618                __config_warn_picq
                0x000a9628                __config_warn_mode
                0x000a9638                __config_arrow_keys_bright_sat
                0x000a9648                __config_arrow_keys_shutter_aperture
                0x000a9658                __config_arrow_keys_iso_kelvin
                0x000a9668                __config_arrow_keys_audio_unused
                0x000a9678                __config_arrow_keys_use_set
                0x000a9688                __config_arrow_keys_mode
                0x000a9698                __config_digital_zoom_shortcut
                0x000a96a8                __config_quick_review_allow_zoom
                0x000a96b8                __config_focus_box_lv_speed
                0x000a96c8                __config_focus_box_lv_jump
                0x000a96d8                __config_halfshutter_sticky
                0x000a96e8                __config_play_lv_action
                0x000a96f8                __config_quick_delete
                0x000a9708                __config_play_set_wheel_action
                0x000a9718                __config_play_set_wheel_trigger
                0x000a9728                __config_quickzoom
                0x000a9738                __config_af_frame_autohide
                0x000a9748                __config_dofpreview_sticky
 .config_vars   0x000a9758       0x40 lens.o
                0x000a9758                __config_focus_units
                0x000a9768                __config_crop_info
                0x000a9778                __config_movie_log
                0x000a9788                __config_lens_mlu_delay
 .config_vars   0x000a9798      0x150 movtweaks.o
                0x000a9798                __config_smooth_iso_speed
                0x000a97a8                __config_smooth_iso
                0x000a97b8                __config_bv_av
                0x000a97c8                __config_bv_tv
                0x000a97d8                __config_bv_iso
                0x000a97e8                __config_bv_auto
                0x000a97f8                __config_rec_notify
                0x000a9808                __config_screen_layout_ext
                0x000a9818                __config_screen_layout_lcd
                0x000a9828                __config_shutter_btn_rec
                0x000a9838                __config_shutter_lock_value
                0x000a9848                __config_shutter_lock
                0x000a9858                __config_enable_liveview
                0x000a9868                __config_movie_rec_key_long
                0x000a9878                __config_movie_rec_key_action
                0x000a9888                __config_movie_rec_key
                0x000a9898                __config_movie_restart
                0x000a98a8                __config_workaround_wbs_ba
                0x000a98b8                __config_workaround_wbs_gm
                0x000a98c8                __config_workaround_wb_kelvin
                0x000a98d8                __config_hdmi_force_vga
 .config_vars   0x000a98e8       0x10 af_patterns.o
                0x000a98e8                __config_af_patterns